2026-06-23 16:48:38,209 | MR=temporal param=0.0 orig=-1.6304872035980225 trans=-1.630592703819275 diff=0.0001055002212524414 pass=True
2026-06-23 16:48:40,503 | MR=snow param=0.0 orig=-1.6304872035980225 trans=-1.6321061849594116 diff=0.0016189813613891602 pass=True
2026-06-23 16:48:40,504 | MR=rain param=0.0 orig=-1.6304872035980225 trans=-1.6326230764389038 diff=0.0021358728408813477 pass=True
2026-06-23 16:48:40,504 | MR=snow param=0.375 orig=-1.6304872035980225 trans=-1.6308674812316895 diff=0.0003802776336669922 pass=True
2026-06-23 16:48:40,504 | MR=noise param=0.0 orig=-1.6304872035980225 trans=-1.6304887533187866 diff=1.5497207641601562e-06 pass=True
2026-06-23 16:48:40,504 | MR=rain param=0.375 orig=-1.6304872035980225 trans=-1.6323223114013672 diff=0.0018351078033447266 pass=True
2026-06-23 16:48:40,504 | MR=snow param=0.75 orig=-1.6304872035980225 trans=-1.6296765804290771 diff=0.0008106231689453125 pass=True
2026-06-23 16:48:40,504 | MR=noise param=37.5 orig=-1.6304872035980225 trans=-1.630581021308899 diff=9.381771087646484e-05 pass=True
2026-06-23 16:48:40,505 | MR=rain param=0.75 orig=-1.6304872035980225 trans=-1.6314804553985596 diff=0.0009932518005371094 pass=True
2026-06-23 16:48:40,505 | MR=snow param=1.125 orig=-1.6304872035980225 trans=-1.6285489797592163 diff=0.0019382238388061523 pass=True
2026-06-23 16:48:40,505 | MR=noise param=75.0 orig=-1.6304872035980225 trans=-1.6304898262023926 diff=2.6226043701171875e-06 pass=True
2026-06-23 16:48:40,506 | MR=rain param=1.125 orig=-1.6304872035980225 trans=-1.6321260929107666 diff=0.0016388893127441406 pass=True
2026-06-23 16:48:40,506 | MR=snow param=1.5 orig=-1.6304872035980225 trans=-1.6278795003890991 diff=0.00260770320892334 pass=True
2026-06-23 16:48:40,506 | MR=noise param=112.5 orig=-1.6304872035980225 trans=-1.630629062652588 diff=0.0001418590545654297 pass=True
2026-06-23 16:48:40,506 | MR=rain param=1.5 orig=-1.6304872035980225 trans=-1.6324706077575684 diff=0.0019834041595458984 pass=True
2026-06-23 16:48:40,508 | MR=noise param=150.0 orig=-1.6304872035980225 trans=-1.6309105157852173 diff=0.0004233121871948242 pass=True
2026-06-23 16:48:40,509 | MR=translation param=0.0 orig=-1.6304872035980225 trans=-1.6304887533187866 diff=1.5497207641601562e-06 pass=True
2026-06-23 16:48:40,509 | MR=contrast param=0.1 orig=-1.6304872035980225 trans=-1.635307788848877 diff=0.004820585250854492 pass=True
2026-06-23 16:48:40,510 | MR=rotation param=-60.0 orig=-1.6304872035980225 trans=-1.631699562072754 diff=0.0012123584747314453 pass=True
2026-06-23 16:48:40,510 | MR=blur param=1.0 orig=-1.6304872035980225 trans=-1.6304887533187866 diff=1.5497207641601562e-06 pass=True
2026-06-23 16:48:40,512 | MR=brightness param=0.1 orig=-1.6304872035980225 trans=-1.635307788848877 diff=0.004820585250854492 pass=True
2026-06-23 16:48:40,513 | MR=translation param=20.0 orig=-1.6304872035980225 trans=-1.6311402320861816 diff=0.0006530284881591797 pass=True
2026-06-23 16:48:40,514 | MR=contrast param=1.075 orig=-1.6304872035980225 trans=-1.6300933361053467 diff=0.00039386749267578125 pass=True
2026-06-23 16:48:40,514 | MR=rotation param=-30.0 orig=-1.6304872035980225 trans=-1.63371741771698 diff=0.0032302141189575195 pass=True
2026-06-23 16:48:40,527 | MR=rotation param=0.0 orig=-1.6304872035980225 trans=-1.6304887533187866 diff=1.5497207641601562e-06 pass=True
2026-06-23 16:48:40,514 | MR=blur param=8.5 orig=-1.6304872035980225 trans=-1.6304141283035278 diff=7.30752944946289e-05 pass=True
2026-06-23 16:48:40,524 | MR=translation param=40.0 orig=-1.6304872035980225 trans=-1.631542682647705 diff=0.0010554790496826172 pass=True
2026-06-23 16:48:40,525 | MR=contrast param=2.05 orig=-1.6304872035980225 trans=-1.627392053604126 diff=0.0030951499938964844 pass=True
2026-06-23 16:48:40,520 | MR=brightness param=0.825 orig=-1.6304872035980225 trans=-1.6314376592636108 diff=0.0009504556655883789 pass=True
2026-06-23 16:48:40,527 | MR=rotation param=30.0 orig=-1.6304872035980225 trans=-1.627158761024475 diff=0.0033284425735473633 pass=True
2026-06-23 16:48:40,528 | MR=blur param=16.0 orig=-1.6304872035980225 trans=-1.630415678024292 diff=7.152557373046875e-05 pass=True
2026-06-23 16:48:40,529 | MR=translation param=60.0 orig=-1.6304872035980225 trans=-1.6298000812530518 diff=0.0006871223449707031 pass=True
2026-06-23 16:48:40,535 | MR=contrast param=3.025 orig=-1.6304872035980225 trans=-1.6278733015060425 diff=0.0026139020919799805 pass=True
2026-06-23 16:48:40,541 | MR=brightness param=1.55 orig=-1.6304872035980225 trans=-1.6279650926589966 diff=0.002522110939025879 pass=True
2026-06-23 16:48:40,554 | MR=brightness param=2.275 orig=-1.6304872035980225 trans=-1.6274397373199463 diff=0.003047466278076172 pass=True
2026-06-23 16:48:40,548 | MR=blur param=23.5 orig=-1.6304872035980225 trans=-1.630413293838501 diff=7.390975952148438e-05 pass=True
2026-06-23 16:48:40,551 | MR=translation param=80.0 orig=-1.6304872035980225 trans=-1.629575252532959 diff=0.0009119510650634766 pass=True
2026-06-23 16:48:40,552 | MR=contrast param=4.0 orig=-1.6304872035980225 trans=-1.6281203031539917 diff=0.0023669004440307617 pass=True
2026-06-23 16:48:40,545 | MR=rotation param=60.0 orig=-1.6304872035980225 trans=-1.6294387578964233 diff=0.001048445701599121 pass=True
2026-06-23 16:48:40,554 | MR=brightness param=3.0 orig=-1.6304872035980225 trans=-1.6278657913208008 diff=0.0026214122772216797 pass=True
2026-06-23 16:48:40,556 | MR=blur param=31.0 orig=-1.6304872035980225 trans=-1.630420207977295 diff=6.699562072753906e-05 pass=True
2026-06-23 16:48:40,906 | MR=darkness param=0.05 orig=-1.6304872035980225 trans=-1.6355774402618408 diff=0.005090236663818359 pass=True
2026-06-23 16:48:40,906 | MR=darkness param=0.4125 orig=-1.6304872035980225 trans=-1.6336395740509033 diff=0.0031523704528808594 pass=True
2026-06-23 16:48:40,906 | MR=darkness param=0.775 orig=-1.6304872035980225 trans=-1.6317061185836792 diff=0.0012189149856567383 pass=True
2026-06-23 16:48:40,906 | MR=darkness param=1.1375 orig=-1.6304872035980225 trans=-1.6297576427459717 diff=0.0007295608520507812 pass=True
2026-06-23 16:48:40,907 | MR=darkness param=1.5 orig=-1.6304872035980225 trans=-1.6281284093856812 diff=0.0023587942123413086 pass=True
2026-06-23 16:48:40,913 | MR=visibility param=0.05 orig=-1.6304872035980225 trans=-1.6303696632385254 diff=0.00011754035949707031 pass=True
2026-06-23 16:48:40,913 | MR=visibility param=0.4125 orig=-1.6304872035980225 trans=-1.6294959783554077 diff=0.000991225242614746 pass=True
2026-06-23 16:48:40,913 | MR=visibility param=0.775 orig=-1.6304872035980225 trans=-1.6286180019378662 diff=0.00186920166015625 pass=True
2026-06-23 16:48:40,913 | MR=visibility param=1.1375 orig=-1.6304872035980225 trans=-1.62807297706604 diff=0.002414226531982422 pass=True
2026-06-23 16:48:40,913 | MR=visibility param=1.5 orig=-1.6304872035980225 trans=-1.62807297706604 diff=0.002414226531982422 pass=True
2026-06-23 16:48:40,922 | MR=fog param=0.0 orig=-1.6304872035980225 trans=-1.6304290294647217 diff=5.817413330078125e-05 pass=True
2026-06-23 16:48:40,922 | MR=fog param=0.375 orig=-1.6304872035980225 trans=-1.6288542747497559 diff=0.0016329288482666016 pass=True
2026-06-23 16:48:40,922 | MR=fog param=0.75 orig=-1.6304872035980225 trans=-1.62807297706604 diff=0.002414226531982422 pass=True
2026-06-23 16:48:40,922 | MR=fog param=1.125 orig=-1.6304872035980225 trans=-1.62807297706604 diff=0.002414226531982422 pass=True
2026-06-23 16:48:40,922 | MR=fog param=1.5 orig=-1.6304872035980225 trans=-1.62807297706604 diff=0.002414226531982422 pass=True
2026-06-23 17:04:11,852 | MR=temporal param=0.0 orig=-1.6304872035980225 trans=-1.630592703819275 diff=0.0001055002212524414 pass=True
2026-06-23 17:04:13,124 | MR=rain param=0.0 orig=-1.6304872035980225 trans=-1.6326230764389038 diff=0.0021358728408813477 pass=True
2026-06-23 17:04:13,124 | MR=rain param=0.375 orig=-1.6304872035980225 trans=-1.6322983503341675 diff=0.0018111467361450195 pass=True
2026-06-23 17:04:13,124 | MR=rain param=0.75 orig=-1.6304872035980225 trans=-1.6328712701797485 diff=0.0023840665817260742 pass=True
2026-06-23 17:04:13,124 | MR=rain param=1.125 orig=-1.6304872035980225 trans=-1.631392002105713 diff=0.0009047985076904297 pass=True
2026-06-23 17:04:13,125 | MR=noise param=0.0 orig=-1.6304872035980225 trans=-1.6304887533187866 diff=1.5497207641601562e-06 pass=True
2026-06-23 17:04:13,125 | MR=rotation param=-60.0 orig=-1.6304872035980225 trans=-1.631699562072754 diff=0.0012123584747314453 pass=True
2026-06-23 17:04:13,125 | MR=rain param=1.5 orig=-1.6304872035980225 trans=-1.632537841796875 diff=0.002050638198852539 pass=True
2026-06-23 17:04:13,125 | MR=blur param=1.0 orig=-1.6304872035980225 trans=-1.6304887533187866 diff=1.5497207641601562e-06 pass=True
2026-06-23 17:04:13,126 | MR=brightness param=0.1 orig=-1.6304872035980225 trans=-1.635307788848877 diff=0.004820585250854492 pass=True
2026-06-23 17:04:13,126 | MR=noise param=37.5 orig=-1.6304872035980225 trans=-1.6304970979690552 diff=9.894371032714844e-06 pass=True
2026-06-23 17:04:13,126 | MR=rotation param=-30.0 orig=-1.6304872035980225 trans=-1.63371741771698 diff=0.0032302141189575195 pass=True
2026-06-23 17:04:13,126 | MR=translation param=0.0 orig=-1.6304872035980225 trans=-1.6304887533187866 diff=1.5497207641601562e-06 pass=True
2026-06-23 17:04:13,129 | MR=blur param=8.5 orig=-1.6304872035980225 trans=-1.6304141283035278 diff=7.30752944946289e-05 pass=True
2026-06-23 17:04:13,130 | MR=brightness param=0.825 orig=-1.6304872035980225 trans=-1.6314376592636108 diff=0.0009504556655883789 pass=True
2026-06-23 17:04:13,130 | MR=noise param=75.0 orig=-1.6304872035980225 trans=-1.6304891109466553 diff=1.9073486328125e-06 pass=True
2026-06-23 17:04:13,130 | MR=rotation param=0.0 orig=-1.6304872035980225 trans=-1.6304887533187866 diff=1.5497207641601562e-06 pass=True
2026-06-23 17:04:13,130 | MR=translation param=20.0 orig=-1.6304872035980225 trans=-1.6311402320861816 diff=0.0006530284881591797 pass=True
2026-06-23 17:04:13,130 | MR=blur param=16.0 orig=-1.6304872035980225 trans=-1.630415678024292 diff=7.152557373046875e-05 pass=True
2026-06-23 17:04:13,130 | MR=brightness param=1.55 orig=-1.6304872035980225 trans=-1.6279650926589966 diff=0.002522110939025879 pass=True
2026-06-23 17:04:13,131 | MR=noise param=112.5 orig=-1.6304872035980225 trans=-1.630462646484375 diff=2.4557113647460938e-05 pass=True
2026-06-23 17:04:13,131 | MR=rotation param=30.0 orig=-1.6304872035980225 trans=-1.627158761024475 diff=0.0033284425735473633 pass=True
2026-06-23 17:04:13,131 | MR=translation param=40.0 orig=-1.6304872035980225 trans=-1.631542682647705 diff=0.0010554790496826172 pass=True
2026-06-23 17:04:13,133 | MR=blur param=23.5 orig=-1.6304872035980225 trans=-1.630413293838501 diff=7.390975952148438e-05 pass=True
2026-06-23 17:04:13,135 | MR=brightness param=2.275 orig=-1.6304872035980225 trans=-1.6274397373199463 diff=0.003047466278076172 pass=True
2026-06-23 17:04:13,137 | MR=noise param=150.0 orig=-1.6304872035980225 trans=-1.630853295326233 diff=0.0003660917282104492 pass=True
2026-06-23 17:04:13,139 | MR=rotation param=60.0 orig=-1.6304872035980225 trans=-1.6294387578964233 diff=0.001048445701599121 pass=True
2026-06-23 17:04:13,139 | MR=snow param=0.0 orig=-1.6304872035980225 trans=-1.6321061849594116 diff=0.0016189813613891602 pass=True
2026-06-23 17:04:13,140 | MR=translation param=60.0 orig=-1.6304872035980225 trans=-1.6298000812530518 diff=0.0006871223449707031 pass=True
2026-06-23 17:04:13,140 | MR=blur param=31.0 orig=-1.6304872035980225 trans=-1.630420207977295 diff=6.699562072753906e-05 pass=True
2026-06-23 17:04:13,141 | MR=brightness param=3.0 orig=-1.6304872035980225 trans=-1.6278657913208008 diff=0.0026214122772216797 pass=True
2026-06-23 17:04:13,145 | MR=snow param=0.375 orig=-1.6304872035980225 trans=-1.6309232711791992 diff=0.0004360675811767578 pass=True
2026-06-23 17:04:13,148 | MR=translation param=80.0 orig=-1.6304872035980225 trans=-1.629575252532959 diff=0.0009119510650634766 pass=True
2026-06-23 17:04:13,156 | MR=snow param=0.75 orig=-1.6304872035980225 trans=-1.6297959089279175 diff=0.0006912946701049805 pass=True
2026-06-23 17:04:13,163 | MR=snow param=1.125 orig=-1.6304872035980225 trans=-1.6287020444869995 diff=0.0017851591110229492 pass=True
2026-06-23 17:04:13,163 | MR=snow param=1.5 orig=-1.6304872035980225 trans=-1.6278630495071411 diff=0.0026241540908813477 pass=True
2026-06-23 17:04:13,187 | MR=contrast param=0.1 orig=-1.6304872035980225 trans=-1.635307788848877 diff=0.004820585250854492 pass=True
2026-06-23 17:04:13,187 | MR=contrast param=1.075 orig=-1.6304872035980225 trans=-1.6300933361053467 diff=0.00039386749267578125 pass=True
2026-06-23 17:04:13,187 | MR=contrast param=2.05 orig=-1.6304872035980225 trans=-1.627392053604126 diff=0.0030951499938964844 pass=True
2026-06-23 17:04:13,187 | MR=contrast param=3.025 orig=-1.6304872035980225 trans=-1.6278733015060425 diff=0.0026139020919799805 pass=True
2026-06-23 17:04:13,187 | MR=contrast param=4.0 orig=-1.6304872035980225 trans=-1.6281203031539917 diff=0.0023669004440307617 pass=True
2026-06-23 17:04:13,525 | MR=fog param=0.0 orig=-1.6304872035980225 trans=-1.6304290294647217 diff=5.817413330078125e-05 pass=True
2026-06-23 17:04:13,525 | MR=fog param=0.375 orig=-1.6304872035980225 trans=-1.6288542747497559 diff=0.0016329288482666016 pass=True
2026-06-23 17:04:13,526 | MR=fog param=0.75 orig=-1.6304872035980225 trans=-1.62807297706604 diff=0.002414226531982422 pass=True
2026-06-23 17:04:13,526 | MR=fog param=1.125 orig=-1.6304872035980225 trans=-1.62807297706604 diff=0.002414226531982422 pass=True
2026-06-23 17:04:13,526 | MR=fog param=1.5 orig=-1.6304872035980225 trans=-1.62807297706604 diff=0.002414226531982422 pass=True
2026-06-23 17:04:13,560 | MR=visibility param=0.05 orig=-1.6304872035980225 trans=-1.6303696632385254 diff=0.00011754035949707031 pass=True
2026-06-23 17:04:13,560 | MR=visibility param=0.4125 orig=-1.6304872035980225 trans=-1.6294959783554077 diff=0.000991225242614746 pass=True
2026-06-23 17:04:13,560 | MR=visibility param=0.775 orig=-1.6304872035980225 trans=-1.6286180019378662 diff=0.00186920166015625 pass=True
2026-06-23 17:04:13,560 | MR=visibility param=1.1375 orig=-1.6304872035980225 trans=-1.62807297706604 diff=0.002414226531982422 pass=True
2026-06-23 17:04:13,560 | MR=visibility param=1.5 orig=-1.6304872035980225 trans=-1.62807297706604 diff=0.002414226531982422 pass=True
2026-06-23 17:04:13,583 | MR=darkness param=0.05 orig=-1.6304872035980225 trans=-1.6355774402618408 diff=0.005090236663818359 pass=True
2026-06-23 17:04:13,583 | MR=darkness param=0.4125 orig=-1.6304872035980225 trans=-1.6336395740509033 diff=0.0031523704528808594 pass=True
2026-06-23 17:04:13,583 | MR=darkness param=0.775 orig=-1.6304872035980225 trans=-1.6317061185836792 diff=0.0012189149856567383 pass=True
2026-06-23 17:04:13,583 | MR=darkness param=1.1375 orig=-1.6304872035980225 trans=-1.6297576427459717 diff=0.0007295608520507812 pass=True
2026-06-23 17:04:13,583 | MR=darkness param=1.5 orig=-1.6304872035980225 trans=-1.6281284093856812 diff=0.0023587942123413086 pass=True
2026-06-23 17:04:14,646 | MR=translation param=0.0 orig=-1.630592703819275 trans=-1.630594253540039 diff=1.5497207641601562e-06 pass=True
2026-06-23 17:04:14,646 | MR=translation param=20.0 orig=-1.630592703819275 trans=-1.628269910812378 diff=0.0023227930068969727 pass=True
2026-06-23 17:04:14,646 | MR=translation param=40.0 orig=-1.630592703819275 trans=-1.6277828216552734 diff=0.002809882164001465 pass=True
2026-06-23 17:04:14,646 | MR=translation param=60.0 orig=-1.630592703819275 trans=-1.627946138381958 diff=0.0026465654373168945 pass=True
2026-06-23 17:04:14,646 | MR=translation param=80.0 orig=-1.630592703819275 trans=-1.629044532775879 diff=0.001548171043395996 pass=True
2026-06-23 17:04:14,753 | MR=rotation param=-60.0 orig=-1.630592703819275 trans=-1.6324286460876465 diff=0.001835942268371582 pass=True
2026-06-23 17:04:14,759 | MR=rotation param=-30.0 orig=-1.630592703819275 trans=-1.6350774765014648 diff=0.004484772682189941 pass=True
2026-06-23 17:04:14,764 | MR=rotation param=0.0 orig=-1.630592703819275 trans=-1.630594253540039 diff=1.5497207641601562e-06 pass=True
2026-06-23 17:04:14,764 | MR=rotation param=30.0 orig=-1.630592703819275 trans=-1.6308835744857788 diff=0.00029087066650390625 pass=True
2026-06-23 17:04:14,768 | MR=rotation param=60.0 orig=-1.630592703819275 trans=-1.627760887145996 diff=0.0028318166732788086 pass=True
2026-06-23 17:04:14,831 | MR=contrast param=0.1 orig=-1.630592703819275 trans=-1.6353187561035156 diff=0.004726052284240723 pass=True
2026-06-23 17:04:14,834 | MR=contrast param=1.075 orig=-1.630592703819275 trans=-1.630243182182312 diff=0.0003495216369628906 pass=True
2026-06-23 17:04:14,837 | MR=contrast param=2.05 orig=-1.630592703819275 trans=-1.628434419631958 diff=0.0021582841873168945 pass=True
2026-06-23 17:04:14,839 | MR=contrast param=3.025 orig=-1.630592703819275 trans=-1.6285972595214844 diff=0.0019954442977905273 pass=True
2026-06-23 17:04:14,845 | MR=contrast param=4.0 orig=-1.630592703819275 trans=-1.6286135911941528 diff=0.0019791126251220703 pass=True
2026-06-23 17:04:14,946 | MR=blur param=1.0 orig=-1.630592703819275 trans=-1.630594253540039 diff=1.5497207641601562e-06 pass=True
2026-06-23 17:04:14,947 | MR=blur param=8.5 orig=-1.630592703819275 trans=-1.630619764328003 diff=2.7060508728027344e-05 pass=True
2026-06-23 17:04:14,947 | MR=blur param=16.0 orig=-1.630592703819275 trans=-1.6306551694869995 diff=6.246566772460938e-05 pass=True
2026-06-23 17:04:14,950 | MR=blur param=23.5 orig=-1.630592703819275 trans=-1.630689024925232 diff=9.632110595703125e-05 pass=True
2026-06-23 17:04:14,954 | MR=blur param=31.0 orig=-1.630592703819275 trans=-1.630744457244873 diff=0.00015175342559814453 pass=True
2026-06-23 17:04:14,966 | MR=brightness param=0.1 orig=-1.630592703819275 trans=-1.6353187561035156 diff=0.004726052284240723 pass=True
2026-06-23 17:04:14,967 | MR=brightness param=0.825 orig=-1.630592703819275 trans=-1.631522297859192 diff=0.0009295940399169922 pass=True
2026-06-23 17:04:14,967 | MR=brightness param=1.55 orig=-1.630592703819275 trans=-1.6286003589630127 diff=0.001992344856262207 pass=True
2026-06-23 17:04:14,967 | MR=brightness param=2.275 orig=-1.630592703819275 trans=-1.628523826599121 diff=0.0020688772201538086 pass=True
2026-06-23 17:04:14,967 | MR=brightness param=3.0 orig=-1.630592703819275 trans=-1.6285933256149292 diff=0.001999378204345703 pass=True
2026-06-23 17:04:14,979 | MR=rain param=0.0 orig=-1.630592703819275 trans=-1.6326876878738403 diff=0.0020949840545654297 pass=True
2026-06-23 17:04:14,979 | MR=rain param=0.375 orig=-1.630592703819275 trans=-1.6327099800109863 diff=0.0021172761917114258 pass=True
2026-06-23 17:04:14,979 | MR=rain param=0.75 orig=-1.630592703819275 trans=-1.6317646503448486 diff=0.0011719465255737305 pass=True
2026-06-23 17:04:14,981 | MR=noise param=0.0 orig=-1.630592703819275 trans=-1.630594253540039 diff=1.5497207641601562e-06 pass=True
2026-06-23 17:04:14,981 | MR=rain param=1.125 orig=-1.630592703819275 trans=-1.632158875465393 diff=0.001566171646118164 pass=True
2026-06-23 17:04:14,981 | MR=noise param=37.5 orig=-1.630592703819275 trans=-1.630614995956421 diff=2.2292137145996094e-05 pass=True
2026-06-23 17:04:14,981 | MR=rain param=1.5 orig=-1.630592703819275 trans=-1.6315076351165771 diff=0.0009149312973022461 pass=True
2026-06-23 17:04:14,981 | MR=noise param=75.0 orig=-1.630592703819275 trans=-1.6306304931640625 diff=3.7789344787597656e-05 pass=True
2026-06-23 17:04:14,985 | MR=noise param=112.5 orig=-1.630592703819275 trans=-1.6309051513671875 diff=0.00031244754791259766 pass=True
2026-06-23 17:04:14,985 | MR=noise param=150.0 orig=-1.630592703819275 trans=-1.6308633089065552 diff=0.00027060508728027344 pass=True
2026-06-23 17:04:15,052 | MR=snow param=0.0 orig=-1.630592703819275 trans=-1.632178544998169 diff=0.001585841178894043 pass=True
2026-06-23 17:04:15,054 | MR=snow param=0.375 orig=-1.630592703819275 trans=-1.6310417652130127 diff=0.00044906139373779297 pass=True
2026-06-23 17:04:15,054 | MR=snow param=0.75 orig=-1.630592703819275 trans=-1.6298693418502808 diff=0.0007233619689941406 pass=True
2026-06-23 17:04:15,055 | MR=snow param=1.125 orig=-1.630592703819275 trans=-1.6291499137878418 diff=0.0014427900314331055 pass=True
2026-06-23 17:04:15,057 | MR=snow param=1.5 orig=-1.630592703819275 trans=-1.6284847259521484 diff=0.002107977867126465 pass=True
2026-06-23 17:04:15,333 | MR=fog param=0.0 orig=-1.630592703819275 trans=-1.6306614875793457 diff=6.878376007080078e-05 pass=True
2026-06-23 17:04:15,333 | MR=fog param=0.375 orig=-1.630592703819275 trans=-1.6289243698120117 diff=0.0016683340072631836 pass=True
2026-06-23 17:04:15,333 | MR=fog param=0.75 orig=-1.630592703819275 trans=-1.62807297706604 diff=0.0025197267532348633 pass=True
2026-06-23 17:04:15,333 | MR=fog param=1.125 orig=-1.630592703819275 trans=-1.62807297706604 diff=0.0025197267532348633 pass=True
2026-06-23 17:04:15,333 | MR=fog param=1.5 orig=-1.630592703819275 trans=-1.62807297706604 diff=0.0025197267532348633 pass=True
2026-06-23 17:04:15,364 | MR=visibility param=0.05 orig=-1.630592703819275 trans=-1.6304672956466675 diff=0.00012540817260742188 pass=True
2026-06-23 17:04:15,364 | MR=visibility param=0.4125 orig=-1.630592703819275 trans=-1.6295536756515503 diff=0.0010390281677246094 pass=True
2026-06-23 17:04:15,364 | MR=visibility param=0.775 orig=-1.630592703819275 trans=-1.6286427974700928 diff=0.001949906349182129 pass=True
2026-06-23 17:04:15,364 | MR=visibility param=1.1375 orig=-1.630592703819275 trans=-1.62807297706604 diff=0.0025197267532348633 pass=True
2026-06-23 17:04:15,364 | MR=visibility param=1.5 orig=-1.630592703819275 trans=-1.62807297706604 diff=0.0025197267532348633 pass=True
2026-06-23 17:04:15,366 | MR=darkness param=0.05 orig=-1.630592703819275 trans=-1.635577917098999 diff=0.004985213279724121 pass=True
2026-06-23 17:04:15,366 | MR=darkness param=0.4125 orig=-1.630592703819275 trans=-1.633683443069458 diff=0.0030907392501831055 pass=True
2026-06-23 17:04:15,366 | MR=darkness param=0.775 orig=-1.630592703819275 trans=-1.6317850351333618 diff=0.001192331314086914 pass=True
2026-06-23 17:04:15,366 | MR=darkness param=1.1375 orig=-1.630592703819275 trans=-1.6299618482589722 diff=0.0006308555603027344 pass=True
2026-06-23 17:04:15,366 | MR=darkness param=1.5 orig=-1.630592703819275 trans=-1.628730297088623 diff=0.0018624067306518555 pass=True
2026-06-23 17:04:15,766 | MR=brightness param=0.1 orig=-1.6306153535842896 trans=-1.635317325592041 diff=0.004701972007751465 pass=True
2026-06-23 17:04:15,768 | MR=brightness param=0.825 orig=-1.6306153535842896 trans=-1.6315405368804932 diff=0.0009251832962036133 pass=True
2026-06-23 17:04:15,768 | MR=brightness param=1.55 orig=-1.6306153535842896 trans=-1.6284925937652588 diff=0.0021227598190307617 pass=True
2026-06-23 17:04:15,769 | MR=brightness param=2.275 orig=-1.6306153535842896 trans=-1.6267783641815186 diff=0.003836989402770996 pass=True
2026-06-23 17:04:15,771 | MR=brightness param=3.0 orig=-1.6306153535842896 trans=-1.627091646194458 diff=0.003523707389831543 pass=True
2026-06-23 17:04:15,950 | MR=translation param=0.0 orig=-1.6306153535842896 trans=-1.6306164264678955 diff=1.0728836059570312e-06 pass=True
2026-06-23 17:04:15,950 | MR=translation param=20.0 orig=-1.6306153535842896 trans=-1.629590630531311 diff=0.0010247230529785156 pass=True
2026-06-23 17:04:15,950 | MR=translation param=40.0 orig=-1.6306153535842896 trans=-1.6299620866775513 diff=0.0006532669067382812 pass=True
2026-06-23 17:04:15,950 | MR=translation param=60.0 orig=-1.6306153535842896 trans=-1.6296473741531372 diff=0.0009679794311523438 pass=True
2026-06-23 17:04:15,950 | MR=translation param=80.0 orig=-1.6306153535842896 trans=-1.6301405429840088 diff=0.0004748106002807617 pass=True
2026-06-23 17:04:15,995 | MR=blur param=1.0 orig=-1.6306153535842896 trans=-1.6306164264678955 diff=1.0728836059570312e-06 pass=True
2026-06-23 17:04:15,995 | MR=blur param=8.5 orig=-1.6306153535842896 trans=-1.6306250095367432 diff=9.655952453613281e-06 pass=True
2026-06-23 17:04:15,996 | MR=blur param=16.0 orig=-1.6306153535842896 trans=-1.6306288242340088 diff=1.3470649719238281e-05 pass=True
2026-06-23 17:04:15,996 | MR=blur param=23.5 orig=-1.6306153535842896 trans=-1.6306588649749756 diff=4.3511390686035156e-05 pass=True
2026-06-23 17:04:15,996 | MR=blur param=31.0 orig=-1.6306153535842896 trans=-1.630728840827942 diff=0.00011348724365234375 pass=True
2026-06-23 17:04:16,047 | MR=rain param=0.0 orig=-1.6306153535842896 trans=-1.6327009201049805 diff=0.002085566520690918 pass=True
2026-06-23 17:04:16,052 | MR=rain param=0.375 orig=-1.6306153535842896 trans=-1.6326624155044556 diff=0.0020470619201660156 pass=True
2026-06-23 17:04:16,054 | MR=rain param=0.75 orig=-1.6306153535842896 trans=-1.6317944526672363 diff=0.0011790990829467773 pass=True
2026-06-23 17:04:16,055 | MR=rain param=1.125 orig=-1.6306153535842896 trans=-1.6322168111801147 diff=0.0016014575958251953 pass=True
2026-06-23 17:04:16,056 | MR=rain param=1.5 orig=-1.6306153535842896 trans=-1.6312259435653687 diff=0.0006105899810791016 pass=True
2026-06-23 17:04:16,074 | MR=rotation param=-60.0 orig=-1.6306153535842896 trans=-1.634567379951477 diff=0.0039520263671875 pass=True
2026-06-23 17:04:16,075 | MR=rotation param=-30.0 orig=-1.6306153535842896 trans=-1.6359905004501343 diff=0.0053751468658447266 pass=True
2026-06-23 17:04:16,078 | MR=rotation param=0.0 orig=-1.6306153535842896 trans=-1.6306164264678955 diff=1.0728836059570312e-06 pass=True
2026-06-23 17:04:16,079 | MR=rotation param=30.0 orig=-1.6306153535842896 trans=-1.6294491291046143 diff=0.001166224479675293 pass=True
2026-06-23 17:04:16,079 | MR=rotation param=60.0 orig=-1.6306153535842896 trans=-1.6308860778808594 diff=0.0002707242965698242 pass=True
2026-06-23 17:04:16,093 | MR=contrast param=0.1 orig=-1.6306153535842896 trans=-1.635317325592041 diff=0.004701972007751465 pass=True
2026-06-23 17:04:16,098 | MR=contrast param=1.075 orig=-1.6306153535842896 trans=-1.6302576065063477 diff=0.00035774707794189453 pass=True
2026-06-23 17:04:16,099 | MR=contrast param=2.05 orig=-1.6306153535842896 trans=-1.62721586227417 diff=0.003399491310119629 pass=True
2026-06-23 17:04:16,099 | MR=contrast param=3.025 orig=-1.6306153535842896 trans=-1.6271014213562012 diff=0.003513932228088379 pass=True
2026-06-23 17:04:16,099 | MR=contrast param=4.0 orig=-1.6306153535842896 trans=-1.6277949810028076 diff=0.0028203725814819336 pass=True
2026-06-23 17:04:16,104 | MR=snow param=0.0 orig=-1.6306153535842896 trans=-1.6321911811828613 diff=0.0015758275985717773 pass=True
2026-06-23 17:04:16,106 | MR=snow param=0.375 orig=-1.6306153535842896 trans=-1.6310203075408936 diff=0.0004049539566040039 pass=True
2026-06-23 17:04:16,107 | MR=snow param=0.75 orig=-1.6306153535842896 trans=-1.6300740242004395 diff=0.0005413293838500977 pass=True
2026-06-23 17:04:16,109 | MR=snow param=1.125 orig=-1.6306153535842896 trans=-1.629199504852295 diff=0.001415848731994629 pass=True
2026-06-23 17:04:16,109 | MR=snow param=1.5 orig=-1.6306153535842896 trans=-1.6282203197479248 diff=0.002395033836364746 pass=True
2026-06-23 17:04:16,156 | MR=noise param=0.0 orig=-1.6306153535842896 trans=-1.6306164264678955 diff=1.0728836059570312e-06 pass=True
2026-06-23 17:04:16,157 | MR=noise param=37.5 orig=-1.6306153535842896 trans=-1.630574345588684 diff=4.100799560546875e-05 pass=True
2026-06-23 17:04:16,158 | MR=noise param=75.0 orig=-1.6306153535842896 trans=-1.6305385828018188 diff=7.677078247070312e-05 pass=True
2026-06-23 17:04:16,159 | MR=noise param=112.5 orig=-1.6306153535842896 trans=-1.6312090158462524 diff=0.0005936622619628906 pass=True
2026-06-23 17:04:16,160 | MR=noise param=150.0 orig=-1.6306153535842896 trans=-1.631005883216858 diff=0.0003905296325683594 pass=True
2026-06-23 17:04:16,242 | MR=fog param=0.0 orig=-1.6306153535842896 trans=-1.630640983581543 diff=2.562999725341797e-05 pass=True
2026-06-23 17:04:16,243 | MR=fog param=0.375 orig=-1.6306153535842896 trans=-1.6289210319519043 diff=0.001694321632385254 pass=True
2026-06-23 17:04:16,243 | MR=fog param=0.75 orig=-1.6306153535842896 trans=-1.62807297706604 diff=0.0025423765182495117 pass=True
2026-06-23 17:04:16,243 | MR=fog param=1.125 orig=-1.6306153535842896 trans=-1.62807297706604 diff=0.0025423765182495117 pass=True
2026-06-23 17:04:16,243 | MR=fog param=1.5 orig=-1.6306153535842896 trans=-1.62807297706604 diff=0.0025423765182495117 pass=True
2026-06-23 17:04:16,304 | MR=visibility param=0.05 orig=-1.6306153535842896 trans=-1.6304917335510254 diff=0.00012362003326416016 pass=True
2026-06-23 17:04:16,304 | MR=visibility param=0.4125 orig=-1.6306153535842896 trans=-1.629570484161377 diff=0.0010448694229125977 pass=True
2026-06-23 17:04:16,304 | MR=visibility param=0.775 orig=-1.6306153535842896 trans=-1.6286479234695435 diff=0.0019674301147460938 pass=True
2026-06-23 17:04:16,304 | MR=visibility param=1.1375 orig=-1.6306153535842896 trans=-1.62807297706604 diff=0.0025423765182495117 pass=True
2026-06-23 17:04:16,304 | MR=visibility param=1.5 orig=-1.6306153535842896 trans=-1.62807297706604 diff=0.0025423765182495117 pass=True
2026-06-23 17:04:16,327 | MR=darkness param=0.05 orig=-1.6306153535842896 trans=-1.6355762481689453 diff=0.004960894584655762 pass=True
2026-06-23 17:04:16,327 | MR=darkness param=0.4125 orig=-1.6306153535842896 trans=-1.6336925029754639 diff=0.0030771493911743164 pass=True
2026-06-23 17:04:16,327 | MR=darkness param=0.775 orig=-1.6306153535842896 trans=-1.631803035736084 diff=0.0011876821517944336 pass=True
2026-06-23 17:04:16,327 | MR=darkness param=1.1375 orig=-1.6306153535842896 trans=-1.6299679279327393 diff=0.000647425651550293 pass=True
2026-06-23 17:04:16,328 | MR=darkness param=1.5 orig=-1.6306153535842896 trans=-1.6286258697509766 diff=0.0019894838333129883 pass=True
2026-06-23 17:04:16,833 | MR=translation param=0.0 orig=-1.6298969984054565 trans=-1.6298959255218506 diff=1.0728836059570312e-06 pass=True
2026-06-23 17:04:16,836 | MR=translation param=20.0 orig=-1.6298969984054565 trans=-1.6285336017608643 diff=0.0013633966445922852 pass=True
2026-06-23 17:04:16,841 | MR=translation param=40.0 orig=-1.6298969984054565 trans=-1.627636432647705 diff=0.002260565757751465 pass=True
2026-06-23 17:04:16,845 | MR=translation param=60.0 orig=-1.6298969984054565 trans=-1.6254335641860962 diff=0.0044634342193603516 pass=True
2026-06-23 17:04:16,845 | MR=translation param=80.0 orig=-1.6298969984054565 trans=-1.6261893510818481 diff=0.0037076473236083984 pass=True
2026-06-23 17:04:16,920 | MR=rotation param=-60.0 orig=-1.6298969984054565 trans=-1.6318639516830444 diff=0.0019669532775878906 pass=True
2026-06-23 17:04:16,920 | MR=rotation param=-30.0 orig=-1.6298969984054565 trans=-1.6379305124282837 diff=0.008033514022827148 pass=True
2026-06-23 17:04:16,923 | MR=rotation param=0.0 orig=-1.6298969984054565 trans=-1.6298959255218506 diff=1.0728836059570312e-06 pass=True
2026-06-23 17:04:16,923 | MR=rotation param=30.0 orig=-1.6298969984054565 trans=-1.626558542251587 diff=0.003338456153869629 pass=True
2026-06-23 17:04:16,932 | MR=rotation param=60.0 orig=-1.6298969984054565 trans=-1.628807783126831 diff=0.0010892152786254883 pass=True
2026-06-23 17:04:16,979 | MR=blur param=1.0 orig=-1.6298969984054565 trans=-1.6298959255218506 diff=1.0728836059570312e-06 pass=True
2026-06-23 17:04:16,979 | MR=blur param=8.5 orig=-1.6298969984054565 trans=-1.6297738552093506 diff=0.00012314319610595703 pass=True
2026-06-23 17:04:16,979 | MR=blur param=16.0 orig=-1.6298969984054565 trans=-1.6299011707305908 diff=4.172325134277344e-06 pass=True
2026-06-23 17:04:16,979 | MR=blur param=23.5 orig=-1.6298969984054565 trans=-1.630028486251831 diff=0.00013148784637451172 pass=True
2026-06-23 17:04:16,979 | MR=blur param=31.0 orig=-1.6298969984054565 trans=-1.6301920413970947 diff=0.0002950429916381836 pass=True
2026-06-23 17:04:16,993 | MR=brightness param=0.1 orig=-1.6298969984054565 trans=-1.635244607925415 diff=0.005347609519958496 pass=True
2026-06-23 17:04:16,994 | MR=brightness param=0.825 orig=-1.6298969984054565 trans=-1.630949854850769 diff=0.0010528564453125 pass=True
2026-06-23 17:04:17,004 | MR=brightness param=1.55 orig=-1.6298969984054565 trans=-1.6293290853500366 diff=0.0005679130554199219 pass=True
2026-06-23 17:04:17,004 | MR=brightness param=2.275 orig=-1.6298969984054565 trans=-1.6295040845870972 diff=0.000392913818359375 pass=True
2026-06-23 17:04:17,005 | MR=brightness param=3.0 orig=-1.6298969984054565 trans=-1.6290838718414307 diff=0.0008131265640258789 pass=True
2026-06-23 17:04:17,016 | MR=rain param=0.0 orig=-1.6298969984054565 trans=-1.6322726011276245 diff=0.0023756027221679688 pass=True
2026-06-23 17:04:17,016 | MR=rain param=0.375 orig=-1.6298969984054565 trans=-1.6319985389709473 diff=0.0021015405654907227 pass=True
2026-06-23 17:04:17,019 | MR=rain param=0.75 orig=-1.6298969984054565 trans=-1.6321388483047485 diff=0.002241849899291992 pass=True
2026-06-23 17:04:17,022 | MR=rain param=1.125 orig=-1.6298969984054565 trans=-1.6309431791305542 diff=0.0010461807250976562 pass=True
2026-06-23 17:04:17,023 | MR=rain param=1.5 orig=-1.6298969984054565 trans=-1.6309641599655151 diff=0.0010671615600585938 pass=True
2026-06-23 17:04:17,067 | MR=contrast param=0.1 orig=-1.6298969984054565 trans=-1.635244607925415 diff=0.005347609519958496 pass=True
2026-06-23 17:04:17,067 | MR=contrast param=1.075 orig=-1.6298969984054565 trans=-1.6295814514160156 diff=0.00031554698944091797 pass=True
2026-06-23 17:04:17,067 | MR=contrast param=2.05 orig=-1.6298969984054565 trans=-1.629531741142273 diff=0.00036525726318359375 pass=True
2026-06-23 17:04:17,067 | MR=contrast param=3.025 orig=-1.6298969984054565 trans=-1.629072904586792 diff=0.0008240938186645508 pass=True
2026-06-23 17:04:17,068 | MR=contrast param=4.0 orig=-1.6298969984054565 trans=-1.6284782886505127 diff=0.0014187097549438477 pass=True
2026-06-23 17:04:17,091 | MR=noise param=0.0 orig=-1.6298969984054565 trans=-1.6298959255218506 diff=1.0728836059570312e-06 pass=True
2026-06-23 17:04:17,091 | MR=noise param=37.5 orig=-1.6298969984054565 trans=-1.6299469470977783 diff=4.9948692321777344e-05 pass=True
2026-06-23 17:04:17,092 | MR=noise param=75.0 orig=-1.6298969984054565 trans=-1.6302769184112549 diff=0.00037992000579833984 pass=True
2026-06-23 17:04:17,092 | MR=noise param=112.5 orig=-1.6298969984054565 trans=-1.6302247047424316 diff=0.00032770633697509766 pass=True
2026-06-23 17:04:17,092 | MR=noise param=150.0 orig=-1.6298969984054565 trans=-1.6302196979522705 diff=0.00032269954681396484 pass=True
2026-06-23 17:04:17,106 | MR=snow param=0.0 orig=-1.6298969984054565 trans=-1.6316932439804077 diff=0.0017962455749511719 pass=True
2026-06-23 17:04:17,106 | MR=snow param=0.375 orig=-1.6298969984054565 trans=-1.6303775310516357 diff=0.0004805326461791992 pass=True
2026-06-23 17:04:17,106 | MR=snow param=0.75 orig=-1.6298969984054565 trans=-1.629361629486084 diff=0.0005353689193725586 pass=True
2026-06-23 17:04:17,106 | MR=snow param=1.125 orig=-1.6298969984054565 trans=-1.629286289215088 diff=0.0006107091903686523 pass=True
2026-06-23 17:04:17,106 | MR=snow param=1.5 orig=-1.6298969984054565 trans=-1.6293566226959229 diff=0.0005403757095336914 pass=True
2026-06-23 17:04:17,263 | MR=fog param=0.0 orig=-1.6298969984054565 trans=-1.6298773288726807 diff=1.9669532775878906e-05 pass=True
2026-06-23 17:04:17,264 | MR=fog param=0.375 orig=-1.6298969984054565 trans=-1.6286718845367432 diff=0.001225113868713379 pass=True
2026-06-23 17:04:17,264 | MR=fog param=0.75 orig=-1.6298969984054565 trans=-1.62807297706604 diff=0.001824021339416504 pass=True
2026-06-23 17:04:17,264 | MR=fog param=1.125 orig=-1.6298969984054565 trans=-1.62807297706604 diff=0.001824021339416504 pass=True
2026-06-23 17:04:17,264 | MR=fog param=1.5 orig=-1.6298969984054565 trans=-1.62807297706604 diff=0.001824021339416504 pass=True
2026-06-23 17:04:17,288 | MR=visibility param=0.05 orig=-1.6298969984054565 trans=-1.6298086643218994 diff=8.83340835571289e-05 pass=True
2026-06-23 17:04:17,288 | MR=visibility param=0.4125 orig=-1.6298969984054565 trans=-1.6291477680206299 diff=0.0007492303848266602 pass=True
2026-06-23 17:04:17,288 | MR=visibility param=0.775 orig=-1.6298969984054565 trans=-1.628485083580017 diff=0.0014119148254394531 pass=True
2026-06-23 17:04:17,288 | MR=visibility param=1.1375 orig=-1.6298969984054565 trans=-1.62807297706604 diff=0.001824021339416504 pass=True
2026-06-23 17:04:17,288 | MR=visibility param=1.5 orig=-1.6298969984054565 trans=-1.62807297706604 diff=0.001824021339416504 pass=True
2026-06-23 17:04:17,302 | MR=darkness param=0.05 orig=-1.6298969984054565 trans=-1.6355454921722412 diff=0.005648493766784668 pass=True
2026-06-23 17:04:17,302 | MR=darkness param=0.4125 orig=-1.6298969984054565 trans=-1.6334010362625122 diff=0.003504037857055664 pass=True
2026-06-23 17:04:17,303 | MR=darkness param=0.775 orig=-1.6298969984054565 trans=-1.6312485933303833 diff=0.0013515949249267578 pass=True
2026-06-23 17:04:17,303 | MR=darkness param=1.1375 orig=-1.6298969984054565 trans=-1.6294195652008057 diff=0.0004774332046508789 pass=True
2026-06-23 17:04:17,303 | MR=darkness param=1.5 orig=-1.6298969984054565 trans=-1.6293153762817383 diff=0.0005816221237182617 pass=True
2026-06-23 17:04:17,741 | MR=brightness param=0.1 orig=-1.630307674407959 trans=-1.635288953781128 diff=0.004981279373168945 pass=True
2026-06-23 17:04:17,743 | MR=brightness param=0.825 orig=-1.630307674407959 trans=-1.6312882900238037 diff=0.0009806156158447266 pass=True
2026-06-23 17:04:17,743 | MR=brightness param=1.55 orig=-1.630307674407959 trans=-1.6273831129074097 diff=0.0029245615005493164 pass=True
2026-06-23 17:04:17,744 | MR=brightness param=2.275 orig=-1.630307674407959 trans=-1.6251707077026367 diff=0.005136966705322266 pass=True
2026-06-23 17:04:17,744 | MR=brightness param=3.0 orig=-1.630307674407959 trans=-1.625457525253296 diff=0.004850149154663086 pass=True
2026-06-23 17:04:17,802 | MR=rotation param=-60.0 orig=-1.630307674407959 trans=-1.6310629844665527 diff=0.00075531005859375 pass=True
2026-06-23 17:04:17,818 | MR=rotation param=-30.0 orig=-1.630307674407959 trans=-1.6322005987167358 diff=0.0018929243087768555 pass=True
2026-06-23 17:04:17,821 | MR=rotation param=0.0 orig=-1.630307674407959 trans=-1.6303081512451172 diff=4.76837158203125e-07 pass=True
2026-06-23 17:04:17,821 | MR=rotation param=30.0 orig=-1.630307674407959 trans=-1.6336475610733032 diff=0.0033398866653442383 pass=True
2026-06-23 17:04:17,821 | MR=rotation param=60.0 orig=-1.630307674407959 trans=-1.6319897174835205 diff=0.0016820430755615234 pass=True
2026-06-23 17:04:17,888 | MR=noise param=0.0 orig=-1.630307674407959 trans=-1.6303081512451172 diff=4.76837158203125e-07 pass=True
2026-06-23 17:04:17,888 | MR=noise param=37.5 orig=-1.630307674407959 trans=-1.6303431987762451 diff=3.552436828613281e-05 pass=True
2026-06-23 17:04:17,888 | MR=noise param=75.0 orig=-1.630307674407959 trans=-1.6303510665893555 diff=4.3392181396484375e-05 pass=True
2026-06-23 17:04:17,888 | MR=noise param=112.5 orig=-1.630307674407959 trans=-1.630698323249817 diff=0.00039064884185791016 pass=True
2026-06-23 17:04:17,888 | MR=noise param=150.0 orig=-1.630307674407959 trans=-1.63055419921875 diff=0.0002465248107910156 pass=True
2026-06-23 17:04:17,913 | MR=blur param=1.0 orig=-1.630307674407959 trans=-1.6303081512451172 diff=4.76837158203125e-07 pass=True
2026-06-23 17:04:17,920 | MR=blur param=8.5 orig=-1.630307674407959 trans=-1.6302545070648193 diff=5.316734313964844e-05 pass=True
2026-06-23 17:04:17,921 | MR=blur param=16.0 orig=-1.630307674407959 trans=-1.6302250623703003 diff=8.26120376586914e-05 pass=True
2026-06-23 17:04:17,921 | MR=translation param=0.0 orig=-1.630307674407959 trans=-1.6303081512451172 diff=4.76837158203125e-07 pass=True
2026-06-23 17:04:17,922 | MR=blur param=23.5 orig=-1.630307674407959 trans=-1.630218505859375 diff=8.916854858398438e-05 pass=True
2026-06-23 17:04:17,926 | MR=translation param=20.0 orig=-1.630307674407959 trans=-1.630603551864624 diff=0.00029587745666503906 pass=True
2026-06-23 17:04:17,929 | MR=blur param=31.0 orig=-1.630307674407959 trans=-1.63022780418396 diff=7.987022399902344e-05 pass=True
2026-06-23 17:04:17,937 | MR=translation param=40.0 orig=-1.630307674407959 trans=-1.631094217300415 diff=0.0007865428924560547 pass=True
2026-06-23 17:04:17,955 | MR=translation param=60.0 orig=-1.630307674407959 trans=-1.631180763244629 diff=0.0008730888366699219 pass=True
2026-06-23 17:04:17,960 | MR=translation param=80.0 orig=-1.630307674407959 trans=-1.6321414709091187 diff=0.001833796501159668 pass=True
2026-06-23 17:04:17,987 | MR=contrast param=0.1 orig=-1.630307674407959 trans=-1.635288953781128 diff=0.004981279373168945 pass=True
2026-06-23 17:04:17,988 | MR=contrast param=1.075 orig=-1.630307674407959 trans=-1.6298766136169434 diff=0.000431060791015625 pass=True
2026-06-23 17:04:17,988 | MR=contrast param=2.05 orig=-1.630307674407959 trans=-1.625484824180603 diff=0.004822850227355957 pass=True
2026-06-23 17:04:17,988 | MR=contrast param=3.025 orig=-1.630307674407959 trans=-1.6254825592041016 diff=0.004825115203857422 pass=True
2026-06-23 17:04:17,988 | MR=contrast param=4.0 orig=-1.630307674407959 trans=-1.6271722316741943 diff=0.0031354427337646484 pass=True
2026-06-23 17:04:18,000 | MR=rain param=0.0 orig=-1.630307674407959 trans=-1.6325156688690186 diff=0.0022079944610595703 pass=True
2026-06-23 17:04:18,000 | MR=rain param=0.375 orig=-1.630307674407959 trans=-1.6323596239089966 diff=0.0020519495010375977 pass=True
2026-06-23 17:04:18,000 | MR=rain param=0.75 orig=-1.630307674407959 trans=-1.6322402954101562 diff=0.0019326210021972656 pass=True
2026-06-23 17:04:18,000 | MR=rain param=1.125 orig=-1.630307674407959 trans=-1.6323779821395874 diff=0.002070307731628418 pass=True
2026-06-23 17:04:18,000 | MR=rain param=1.5 orig=-1.630307674407959 trans=-1.6331422328948975 diff=0.0028345584869384766 pass=True
2026-06-23 17:04:18,030 | MR=snow param=0.0 orig=-1.630307674407959 trans=-1.6319764852523804 diff=0.0016688108444213867 pass=True
2026-06-23 17:04:18,032 | MR=snow param=0.375 orig=-1.630307674407959 trans=-1.6307204961776733 diff=0.00041282176971435547 pass=True
2026-06-23 17:04:18,032 | MR=snow param=0.75 orig=-1.630307674407959 trans=-1.6293952465057373 diff=0.0009124279022216797 pass=True
2026-06-23 17:04:18,033 | MR=snow param=1.125 orig=-1.630307674407959 trans=-1.6282944679260254 diff=0.0020132064819335938 pass=True
2026-06-23 17:04:18,033 | MR=snow param=1.5 orig=-1.630307674407959 trans=-1.6273950338363647 diff=0.0029126405715942383 pass=True
2026-06-23 17:04:18,110 | MR=fog param=0.0 orig=-1.630307674407959 trans=-1.6302449703216553 diff=6.270408630371094e-05 pass=True
2026-06-23 17:04:18,113 | MR=fog param=0.375 orig=-1.630307674407959 trans=-1.6287925243377686 diff=0.0015151500701904297 pass=True
2026-06-23 17:04:18,113 | MR=fog param=0.75 orig=-1.630307674407959 trans=-1.62807297706604 diff=0.0022346973419189453 pass=True
2026-06-23 17:04:18,113 | MR=fog param=1.125 orig=-1.630307674407959 trans=-1.62807297706604 diff=0.0022346973419189453 pass=True
2026-06-23 17:04:18,114 | MR=fog param=1.5 orig=-1.630307674407959 trans=-1.62807297706604 diff=0.0022346973419189453 pass=True
2026-06-23 17:04:18,180 | MR=visibility param=0.05 orig=-1.630307674407959 trans=-1.630192518234253 diff=0.00011515617370605469 pass=True
2026-06-23 17:04:18,180 | MR=visibility param=0.4125 orig=-1.630307674407959 trans=-1.629392147064209 diff=0.00091552734375 pass=True
2026-06-23 17:04:18,180 | MR=visibility param=0.775 orig=-1.630307674407959 trans=-1.6285768747329712 diff=0.001730799674987793 pass=True
2026-06-23 17:04:18,181 | MR=visibility param=1.1375 orig=-1.630307674407959 trans=-1.62807297706604 diff=0.0022346973419189453 pass=True
2026-06-23 17:04:18,181 | MR=visibility param=1.5 orig=-1.630307674407959 trans=-1.62807297706604 diff=0.0022346973419189453 pass=True
2026-06-23 17:04:18,203 | MR=darkness param=0.05 orig=-1.630307674407959 trans=-1.6355667114257812 diff=0.005259037017822266 pass=True
2026-06-23 17:04:18,204 | MR=darkness param=0.4125 orig=-1.630307674407959 trans=-1.6335644721984863 diff=0.0032567977905273438 pass=True
2026-06-23 17:04:18,204 | MR=darkness param=0.775 orig=-1.630307674407959 trans=-1.6315646171569824 diff=0.0012569427490234375 pass=True
2026-06-23 17:04:18,204 | MR=darkness param=1.1375 orig=-1.630307674407959 trans=-1.629502773284912 diff=0.000804901123046875 pass=True
2026-06-23 17:04:18,204 | MR=darkness param=1.5 orig=-1.630307674407959 trans=-1.6276192665100098 diff=0.0026884078979492188 pass=True
2026-06-23 17:04:18,637 | MR=brightness param=0.1 orig=-1.636249303817749 trans=-1.6358824968338013 diff=0.0003668069839477539 pass=True
2026-06-23 17:04:18,637 | MR=brightness param=0.825 orig=-1.636249303817749 trans=-1.6361891031265259 diff=6.020069122314453e-05 pass=True
2026-06-23 17:04:18,639 | MR=brightness param=1.55 orig=-1.636249303817749 trans=-1.6353487968444824 diff=0.0009005069732666016 pass=True
2026-06-23 17:04:18,642 | MR=brightness param=2.275 orig=-1.636249303817749 trans=-1.6335028409957886 diff=0.0027464628219604492 pass=True
2026-06-23 17:04:18,643 | MR=brightness param=3.0 orig=-1.636249303817749 trans=-1.6324315071105957 diff=0.0038177967071533203 pass=True
2026-06-23 17:04:18,729 | MR=translation param=0.0 orig=-1.636249303817749 trans=-1.6362496614456177 diff=3.5762786865234375e-07 pass=True
2026-06-23 17:04:18,733 | MR=translation param=20.0 orig=-1.636249303817749 trans=-1.6364436149597168 diff=0.00019431114196777344 pass=True
2026-06-23 17:04:18,737 | MR=translation param=40.0 orig=-1.636249303817749 trans=-1.6334266662597656 diff=0.0028226375579833984 pass=True
2026-06-23 17:04:18,737 | MR=translation param=60.0 orig=-1.636249303817749 trans=-1.6290998458862305 diff=0.007149457931518555 pass=True
2026-06-23 17:04:18,737 | MR=translation param=80.0 orig=-1.636249303817749 trans=-1.628495693206787 diff=0.007753610610961914 pass=False
2026-06-23 17:04:18,763 | MR=blur param=1.0 orig=-1.636249303817749 trans=-1.6362496614456177 diff=3.5762786865234375e-07 pass=True
2026-06-23 17:04:18,763 | MR=blur param=8.5 orig=-1.636249303817749 trans=-1.6361217498779297 diff=0.00012755393981933594 pass=True
2026-06-23 17:04:18,767 | MR=blur param=16.0 orig=-1.636249303817749 trans=-1.6359970569610596 diff=0.0002522468566894531 pass=True
2026-06-23 17:04:18,768 | MR=blur param=23.5 orig=-1.636249303817749 trans=-1.6358842849731445 diff=0.0003650188446044922 pass=True
2026-06-23 17:04:18,768 | MR=blur param=31.0 orig=-1.636249303817749 trans=-1.6357183456420898 diff=0.0005309581756591797 pass=True
2026-06-23 17:04:18,815 | MR=noise param=0.0 orig=-1.636249303817749 trans=-1.6362496614456177 diff=3.5762786865234375e-07 pass=True
2026-06-23 17:04:18,816 | MR=noise param=37.5 orig=-1.636249303817749 trans=-1.6361042261123657 diff=0.00014507770538330078 pass=True
2026-06-23 17:04:18,818 | MR=noise param=75.0 orig=-1.636249303817749 trans=-1.6358342170715332 diff=0.0004150867462158203 pass=True
2026-06-23 17:04:18,819 | MR=noise param=112.5 orig=-1.636249303817749 trans=-1.63569974899292 diff=0.0005495548248291016 pass=True
2026-06-23 17:04:18,824 | MR=noise param=150.0 orig=-1.636249303817749 trans=-1.6351203918457031 diff=0.0011289119720458984 pass=True
2026-06-23 17:04:18,858 | MR=rotation param=-60.0 orig=-1.636249303817749 trans=-1.6336814165115356 diff=0.002567887306213379 pass=True
2026-06-23 17:04:18,858 | MR=rotation param=-30.0 orig=-1.636249303817749 trans=-1.6372246742248535 diff=0.0009753704071044922 pass=True
2026-06-23 17:04:18,860 | MR=rotation param=0.0 orig=-1.636249303817749 trans=-1.6362496614456177 diff=3.5762786865234375e-07 pass=True
2026-06-23 17:04:18,862 | MR=rotation param=30.0 orig=-1.636249303817749 trans=-1.6293914318084717 diff=0.006857872009277344 pass=True
2026-06-23 17:04:18,867 | MR=rotation param=60.0 orig=-1.636249303817749 trans=-1.6310278177261353 diff=0.0052214860916137695 pass=True
2026-06-23 17:04:18,871 | MR=rain param=0.0 orig=-1.636249303817749 trans=-1.6360810995101929 diff=0.00016820430755615234 pass=True
2026-06-23 17:04:18,873 | MR=rain param=0.375 orig=-1.636249303817749 trans=-1.6358774900436401 diff=0.0003718137741088867 pass=True
2026-06-23 17:04:18,875 | MR=rain param=0.75 orig=-1.636249303817749 trans=-1.6357773542404175 diff=0.00047194957733154297 pass=True
2026-06-23 17:04:18,876 | MR=rain param=1.125 orig=-1.636249303817749 trans=-1.635671854019165 diff=0.0005774497985839844 pass=True
2026-06-23 17:04:18,877 | MR=rain param=1.5 orig=-1.636249303817749 trans=-1.6353927850723267 diff=0.0008565187454223633 pass=True
2026-06-23 17:04:18,888 | MR=snow param=0.0 orig=-1.636249303817749 trans=-1.6361385583877563 diff=0.00011074542999267578 pass=True
2026-06-23 17:04:18,888 | MR=snow param=0.375 orig=-1.636249303817749 trans=-1.6362566947937012 diff=7.3909759521484375e-06 pass=True
2026-06-23 17:04:18,888 | MR=snow param=0.75 orig=-1.636249303817749 trans=-1.6360714435577393 diff=0.00017786026000976562 pass=True
2026-06-23 17:04:18,888 | MR=snow param=1.125 orig=-1.636249303817749 trans=-1.6353912353515625 diff=0.0008580684661865234 pass=True
2026-06-23 17:04:18,888 | MR=snow param=1.5 orig=-1.636249303817749 trans=-1.6345465183258057 diff=0.0017027854919433594 pass=True
2026-06-23 17:04:18,894 | MR=contrast param=0.1 orig=-1.636249303817749 trans=-1.6358824968338013 diff=0.0003668069839477539 pass=True
2026-06-23 17:04:18,894 | MR=contrast param=1.075 orig=-1.636249303817749 trans=-1.6362483501434326 diff=9.5367431640625e-07 pass=True
2026-06-23 17:04:18,894 | MR=contrast param=2.05 orig=-1.636249303817749 trans=-1.6339961290359497 diff=0.0022531747817993164 pass=True
2026-06-23 17:04:18,894 | MR=contrast param=3.025 orig=-1.636249303817749 trans=-1.6324182748794556 diff=0.003831028938293457 pass=True
2026-06-23 17:04:18,894 | MR=contrast param=4.0 orig=-1.636249303817749 trans=-1.631605863571167 diff=0.004643440246582031 pass=True
2026-06-23 17:04:19,012 | MR=fog param=0.0 orig=-1.636249303817749 trans=-1.636049747467041 diff=0.0001995563507080078 pass=True
2026-06-23 17:04:19,013 | MR=fog param=0.375 orig=-1.636249303817749 trans=-1.6306777000427246 diff=0.005571603775024414 pass=True
2026-06-23 17:04:19,013 | MR=fog param=0.75 orig=-1.636249303817749 trans=-1.62807297706604 diff=0.008176326751708984 pass=True
2026-06-23 17:04:19,013 | MR=fog param=1.125 orig=-1.636249303817749 trans=-1.62807297706604 diff=0.008176326751708984 pass=True
2026-06-23 17:04:19,013 | MR=fog param=1.5 orig=-1.636249303817749 trans=-1.62807297706604 diff=0.008176326751708984 pass=True
2026-06-23 17:04:19,060 | MR=visibility param=0.05 orig=-1.636249303817749 trans=-1.6358418464660645 diff=0.0004074573516845703 pass=True
2026-06-23 17:04:19,060 | MR=visibility param=0.4125 orig=-1.636249303817749 trans=-1.6328808069229126 diff=0.0033684968948364258 pass=True
2026-06-23 17:04:19,061 | MR=visibility param=0.775 orig=-1.636249303817749 trans=-1.6299147605895996 diff=0.006334543228149414 pass=False
2026-06-23 17:04:19,061 | MR=visibility param=1.1375 orig=-1.636249303817749 trans=-1.62807297706604 diff=0.008176326751708984 pass=False
2026-06-23 17:04:19,061 | MR=visibility param=1.5 orig=-1.636249303817749 trans=-1.62807297706604 diff=0.008176326751708984 pass=False
2026-06-23 17:04:19,066 | MR=darkness param=0.05 orig=-1.636249303817749 trans=-1.6358635425567627 diff=0.0003857612609863281 pass=True
2026-06-23 17:04:19,066 | MR=darkness param=0.4125 orig=-1.636249303817749 trans=-1.6360127925872803 diff=0.00023651123046875 pass=True
2026-06-23 17:04:19,066 | MR=darkness param=0.775 orig=-1.636249303817749 trans=-1.636170744895935 diff=7.855892181396484e-05 pass=True
2026-06-23 17:04:19,066 | MR=darkness param=1.1375 orig=-1.636249303817749 trans=-1.6361945867538452 diff=5.4717063903808594e-05 pass=True
2026-06-23 17:04:19,066 | MR=darkness param=1.5 orig=-1.636249303817749 trans=-1.6354824304580688 diff=0.0007668733596801758 pass=True
2026-06-23 17:04:19,513 | MR=rotation param=-60.0 orig=-1.6347731351852417 trans=-1.6347086429595947 diff=6.449222564697266e-05 pass=True
2026-06-23 17:04:19,517 | MR=rotation param=-30.0 orig=-1.6347731351852417 trans=-1.6383196115493774 diff=0.003546476364135742 pass=True
2026-06-23 17:04:19,519 | MR=rotation param=0.0 orig=-1.6347731351852417 trans=-1.6347733736038208 diff=2.384185791015625e-07 pass=True
2026-06-23 17:04:19,519 | MR=rotation param=30.0 orig=-1.6347731351852417 trans=-1.630481243133545 diff=0.004291892051696777 pass=True
2026-06-23 17:04:19,519 | MR=rotation param=60.0 orig=-1.6347731351852417 trans=-1.6329842805862427 diff=0.0017888545989990234 pass=True
2026-06-23 17:04:19,565 | MR=blur param=1.0 orig=-1.6347731351852417 trans=-1.6347733736038208 diff=2.384185791015625e-07 pass=True
2026-06-23 17:04:19,565 | MR=blur param=8.5 orig=-1.6347731351852417 trans=-1.6346477270126343 diff=0.00012540817260742188 pass=True
2026-06-23 17:04:19,565 | MR=blur param=16.0 orig=-1.6347731351852417 trans=-1.63459050655365 diff=0.00018262863159179688 pass=True
2026-06-23 17:04:19,565 | MR=blur param=23.5 orig=-1.6347731351852417 trans=-1.6345536708831787 diff=0.00021946430206298828 pass=True
2026-06-23 17:04:19,565 | MR=blur param=31.0 orig=-1.6347731351852417 trans=-1.6345402002334595 diff=0.00023293495178222656 pass=True
2026-06-23 17:04:19,617 | MR=translation param=0.0 orig=-1.6347731351852417 trans=-1.6347733736038208 diff=2.384185791015625e-07 pass=True
2026-06-23 17:04:19,620 | MR=translation param=20.0 orig=-1.6347731351852417 trans=-1.6324080228805542 diff=0.0023651123046875 pass=True
2026-06-23 17:04:19,624 | MR=translation param=40.0 orig=-1.6347731351852417 trans=-1.6306771039962769 diff=0.004096031188964844 pass=True
2026-06-23 17:04:19,633 | MR=translation param=60.0 orig=-1.6347731351852417 trans=-1.6282879114151 diff=0.0064852237701416016 pass=True
2026-06-23 17:04:19,633 | MR=translation param=80.0 orig=-1.6347731351852417 trans=-1.628754734992981 diff=0.006018400192260742 pass=True
2026-06-23 17:04:19,674 | MR=brightness param=0.1 orig=-1.6347731351852417 trans=-1.6357316970825195 diff=0.000958561897277832 pass=True
2026-06-23 17:04:19,676 | MR=brightness param=0.825 orig=-1.6347731351852417 trans=-1.6349748373031616 diff=0.00020170211791992188 pass=True
2026-06-23 17:04:19,679 | MR=brightness param=1.55 orig=-1.6347731351852417 trans=-1.6342343091964722 diff=0.0005388259887695312 pass=True
2026-06-23 17:04:19,683 | MR=brightness param=2.275 orig=-1.6347731351852417 trans=-1.6336009502410889 diff=0.001172184944152832 pass=True
2026-06-23 17:04:19,685 | MR=brightness param=3.0 orig=-1.6347731351852417 trans=-1.6327685117721558 diff=0.0020046234130859375 pass=True
2026-06-23 17:04:19,701 | MR=rain param=0.0 orig=-1.6347731351852417 trans=-1.6351940631866455 diff=0.0004209280014038086 pass=True
2026-06-23 17:04:19,712 | MR=rain param=0.375 orig=-1.6347731351852417 trans=-1.6353120803833008 diff=0.000538945198059082 pass=True
2026-06-23 17:04:19,713 | MR=rain param=0.75 orig=-1.6347731351852417 trans=-1.6348330974578857 diff=5.996227264404297e-05 pass=True
2026-06-23 17:04:19,718 | MR=rain param=1.125 orig=-1.6347731351852417 trans=-1.6346540451049805 diff=0.00011909008026123047 pass=True
2026-06-23 17:04:19,718 | MR=rain param=1.5 orig=-1.6347731351852417 trans=-1.632558822631836 diff=0.0022143125534057617 pass=True
2026-06-23 17:04:19,751 | MR=noise param=0.0 orig=-1.6347731351852417 trans=-1.6347733736038208 diff=2.384185791015625e-07 pass=True
2026-06-23 17:04:19,751 | MR=contrast param=0.1 orig=-1.6347731351852417 trans=-1.6357316970825195 diff=0.000958561897277832 pass=True
2026-06-23 17:04:19,752 | MR=noise param=37.5 orig=-1.6347731351852417 trans=-1.6347672939300537 diff=5.841255187988281e-06 pass=True
2026-06-23 17:04:19,752 | MR=contrast param=1.075 orig=-1.6347731351852417 trans=-1.6347160339355469 diff=5.710124969482422e-05 pass=True
2026-06-23 17:04:19,752 | MR=noise param=75.0 orig=-1.6347731351852417 trans=-1.6345031261444092 diff=0.00027000904083251953 pass=True
2026-06-23 17:04:19,753 | MR=contrast param=2.05 orig=-1.6347731351852417 trans=-1.6337991952896118 diff=0.0009739398956298828 pass=True
2026-06-23 17:04:19,753 | MR=noise param=112.5 orig=-1.6347731351852417 trans=-1.6343014240264893 diff=0.0004717111587524414 pass=True
2026-06-23 17:04:19,753 | MR=contrast param=3.025 orig=-1.6347731351852417 trans=-1.6327470541000366 diff=0.002026081085205078 pass=True
2026-06-23 17:04:19,754 | MR=noise param=150.0 orig=-1.6347731351852417 trans=-1.6339235305786133 diff=0.000849604606628418 pass=True
2026-06-23 17:04:19,754 | MR=contrast param=4.0 orig=-1.6347731351852417 trans=-1.6310464143753052 diff=0.0037267208099365234 pass=True
2026-06-23 17:04:19,764 | MR=snow param=0.0 orig=-1.6347731351852417 trans=-1.6351031064987183 diff=0.0003299713134765625 pass=True
2026-06-23 17:04:19,764 | MR=snow param=0.375 orig=-1.6347731351852417 trans=-1.6347966194152832 diff=2.3484230041503906e-05 pass=True
2026-06-23 17:04:19,764 | MR=snow param=0.75 orig=-1.6347731351852417 trans=-1.6344454288482666 diff=0.00032770633697509766 pass=True
2026-06-23 17:04:19,765 | MR=snow param=1.125 orig=-1.6347731351852417 trans=-1.6344081163406372 diff=0.0003650188446044922 pass=True
2026-06-23 17:04:19,765 | MR=snow param=1.5 orig=-1.6347731351852417 trans=-1.6336638927459717 diff=0.0011092424392700195 pass=True
2026-06-23 17:04:19,896 | MR=fog param=0.0 orig=-1.6347731351852417 trans=-1.6346187591552734 diff=0.00015437602996826172 pass=True
2026-06-23 17:04:19,896 | MR=fog param=0.375 orig=-1.6347731351852417 trans=-1.630210518836975 diff=0.0045626163482666016 pass=True
2026-06-23 17:04:19,896 | MR=fog param=0.75 orig=-1.6347731351852417 trans=-1.62807297706604 diff=0.00670015811920166 pass=True
2026-06-23 17:04:19,896 | MR=fog param=1.125 orig=-1.6347731351852417 trans=-1.62807297706604 diff=0.00670015811920166 pass=True
2026-06-23 17:04:19,896 | MR=fog param=1.5 orig=-1.6347731351852417 trans=-1.62807297706604 diff=0.00670015811920166 pass=True
2026-06-23 17:04:19,930 | MR=visibility param=0.05 orig=-1.6347731351852417 trans=-1.6344408988952637 diff=0.00033223628997802734 pass=True
2026-06-23 17:04:19,931 | MR=visibility param=0.4125 orig=-1.6347731351852417 trans=-1.6320102214813232 diff=0.002762913703918457 pass=True
2026-06-23 17:04:19,931 | MR=visibility param=0.775 orig=-1.6347731351852417 trans=-1.6295825242996216 diff=0.005190610885620117 pass=False
2026-06-23 17:04:19,931 | MR=visibility param=1.1375 orig=-1.6347731351852417 trans=-1.62807297706604 diff=0.00670015811920166 pass=False
2026-06-23 17:04:19,931 | MR=visibility param=1.5 orig=-1.6347731351852417 trans=-1.62807297706604 diff=0.00670015811920166 pass=False
2026-06-23 17:04:19,936 | MR=darkness param=0.05 orig=-1.6347731351852417 trans=-1.6357848644256592 diff=0.0010117292404174805 pass=True
2026-06-23 17:04:19,936 | MR=darkness param=0.4125 orig=-1.6347731351852417 trans=-1.6354105472564697 diff=0.0006374120712280273 pass=True
2026-06-23 17:04:19,936 | MR=darkness param=0.775 orig=-1.6347731351852417 trans=-1.6350250244140625 diff=0.0002518892288208008 pass=True
2026-06-23 17:04:19,936 | MR=darkness param=1.1375 orig=-1.6347731351852417 trans=-1.6346509456634521 diff=0.00012218952178955078 pass=True
2026-06-23 17:04:19,936 | MR=darkness param=1.5 orig=-1.6347731351852417 trans=-1.6342740058898926 diff=0.0004991292953491211 pass=True
2026-06-23 17:04:20,413 | MR=brightness param=0.1 orig=-1.63333261013031 trans=-1.6355905532836914 diff=0.0022579431533813477 pass=True
2026-06-23 17:04:20,416 | MR=brightness param=0.825 orig=-1.63333261013031 trans=-1.6337851285934448 diff=0.0004525184631347656 pass=True
2026-06-23 17:04:20,417 | MR=brightness param=1.55 orig=-1.63333261013031 trans=-1.631901502609253 diff=0.001431107521057129 pass=True
2026-06-23 17:04:20,417 | MR=brightness param=2.275 orig=-1.63333261013031 trans=-1.630346417427063 diff=0.0029861927032470703 pass=True
2026-06-23 17:04:20,419 | MR=brightness param=3.0 orig=-1.63333261013031 trans=-1.6288526058197021 diff=0.00448000431060791 pass=True
2026-06-23 17:04:20,499 | MR=noise param=0.0 orig=-1.63333261013031 trans=-1.633333683013916 diff=1.0728836059570312e-06 pass=True
2026-06-23 17:04:20,501 | MR=noise param=37.5 orig=-1.63333261013031 trans=-1.6333450078964233 diff=1.239776611328125e-05 pass=True
2026-06-23 17:04:20,501 | MR=noise param=75.0 orig=-1.63333261013031 trans=-1.6332935094833374 diff=3.910064697265625e-05 pass=True
2026-06-23 17:04:20,501 | MR=noise param=112.5 orig=-1.63333261013031 trans=-1.6332273483276367 diff=0.00010526180267333984 pass=True
2026-06-23 17:04:20,501 | MR=noise param=150.0 orig=-1.63333261013031 trans=-1.6330900192260742 diff=0.00024259090423583984 pass=True
2026-06-23 17:04:20,571 | MR=translation param=0.0 orig=-1.63333261013031 trans=-1.633333683013916 diff=1.0728836059570312e-06 pass=True
2026-06-23 17:04:20,575 | MR=translation param=20.0 orig=-1.63333261013031 trans=-1.6338889598846436 diff=0.0005563497543334961 pass=True
2026-06-23 17:04:20,581 | MR=rotation param=-60.0 orig=-1.63333261013031 trans=-1.634000301361084 diff=0.0006676912307739258 pass=True
2026-06-23 17:04:20,582 | MR=translation param=40.0 orig=-1.63333261013031 trans=-1.6322135925292969 diff=0.0011190176010131836 pass=True
2026-06-23 17:04:20,586 | MR=rotation param=-30.0 orig=-1.63333261013031 trans=-1.635237455368042 diff=0.0019048452377319336 pass=True
2026-06-23 17:04:20,589 | MR=blur param=1.0 orig=-1.63333261013031 trans=-1.633333683013916 diff=1.0728836059570312e-06 pass=True
2026-06-23 17:04:20,592 | MR=translation param=60.0 orig=-1.63333261013031 trans=-1.6309566497802734 diff=0.002375960350036621 pass=True
2026-06-23 17:04:20,594 | MR=rotation param=0.0 orig=-1.63333261013031 trans=-1.633333683013916 diff=1.0728836059570312e-06 pass=True
2026-06-23 17:04:20,594 | MR=blur param=8.5 orig=-1.63333261013031 trans=-1.6333086490631104 diff=2.396106719970703e-05 pass=True
2026-06-23 17:04:20,594 | MR=translation param=80.0 orig=-1.63333261013031 trans=-1.6307060718536377 diff=0.0026265382766723633 pass=True
2026-06-23 17:04:20,594 | MR=rotation param=30.0 orig=-1.63333261013031 trans=-1.627422571182251 diff=0.005910038948059082 pass=True
2026-06-23 17:04:20,594 | MR=blur param=16.0 orig=-1.63333261013031 trans=-1.6332250833511353 diff=0.00010752677917480469 pass=True
2026-06-23 17:04:20,596 | MR=contrast param=0.1 orig=-1.63333261013031 trans=-1.6355905532836914 diff=0.0022579431533813477 pass=True
2026-06-23 17:04:20,598 | MR=rotation param=60.0 orig=-1.63333261013031 trans=-1.6311217546463013 diff=0.002210855484008789 pass=True
2026-06-23 17:04:20,598 | MR=blur param=23.5 orig=-1.63333261013031 trans=-1.6331584453582764 diff=0.0001741647720336914 pass=True
2026-06-23 17:04:20,599 | MR=contrast param=1.075 orig=-1.63333261013031 trans=-1.633155107498169 diff=0.00017750263214111328 pass=True
2026-06-23 17:04:20,602 | MR=blur param=31.0 orig=-1.63333261013031 trans=-1.6330797672271729 diff=0.00025284290313720703 pass=True
2026-06-23 17:04:20,610 | MR=contrast param=2.05 orig=-1.63333261013031 trans=-1.6308001279830933 diff=0.002532482147216797 pass=True
2026-06-23 17:04:20,617 | MR=contrast param=3.025 orig=-1.63333261013031 trans=-1.6288132667541504 diff=0.004519343376159668 pass=True
2026-06-23 17:04:20,617 | MR=contrast param=4.0 orig=-1.63333261013031 trans=-1.627319097518921 diff=0.00601351261138916 pass=True
2026-06-23 17:04:20,620 | MR=rain param=0.0 orig=-1.63333261013031 trans=-1.6343294382095337 diff=0.0009968280792236328 pass=True
2026-06-23 17:04:20,621 | MR=rain param=0.375 orig=-1.63333261013031 trans=-1.6343787908554077 diff=0.0010461807250976562 pass=True
2026-06-23 17:04:20,622 | MR=rain param=0.75 orig=-1.63333261013031 trans=-1.6341214179992676 diff=0.0007888078689575195 pass=True
2026-06-23 17:04:20,624 | MR=rain param=1.125 orig=-1.63333261013031 trans=-1.6334035396575928 diff=7.092952728271484e-05 pass=True
2026-06-23 17:04:20,624 | MR=rain param=1.5 orig=-1.63333261013031 trans=-1.6328412294387817 diff=0.0004913806915283203 pass=True
2026-06-23 17:04:20,662 | MR=snow param=0.0 orig=-1.63333261013031 trans=-1.6340949535369873 diff=0.0007623434066772461 pass=True
2026-06-23 17:04:20,662 | MR=snow param=0.375 orig=-1.63333261013031 trans=-1.6335283517837524 diff=0.0001957416534423828 pass=True
2026-06-23 17:04:20,662 | MR=snow param=0.75 orig=-1.63333261013031 trans=-1.633054494857788 diff=0.00027811527252197266 pass=True
2026-06-23 17:04:20,662 | MR=snow param=1.125 orig=-1.63333261013031 trans=-1.632021188735962 diff=0.0013114213943481445 pass=True
2026-06-23 17:04:20,662 | MR=snow param=1.5 orig=-1.63333261013031 trans=-1.6314314603805542 diff=0.0019011497497558594 pass=True
2026-06-23 17:04:20,766 | MR=fog param=0.0 orig=-1.63333261013031 trans=-1.6332629919052124 diff=6.961822509765625e-05 pass=True
2026-06-23 17:04:20,766 | MR=fog param=0.375 orig=-1.63333261013031 trans=-1.629773736000061 diff=0.0035588741302490234 pass=True
2026-06-23 17:04:20,766 | MR=fog param=0.75 orig=-1.63333261013031 trans=-1.62807297706604 diff=0.0052596330642700195 pass=True
2026-06-23 17:04:20,766 | MR=fog param=1.125 orig=-1.63333261013031 trans=-1.62807297706604 diff=0.0052596330642700195 pass=True
2026-06-23 17:04:20,767 | MR=fog param=1.5 orig=-1.63333261013031 trans=-1.62807297706604 diff=0.0052596330642700195 pass=True
2026-06-23 17:04:20,799 | MR=visibility param=0.05 orig=-1.63333261013031 trans=-1.633074164390564 diff=0.00025844573974609375 pass=True
2026-06-23 17:04:20,799 | MR=visibility param=0.4125 orig=-1.63333261013031 trans=-1.6311686038970947 diff=0.002164006233215332 pass=True
2026-06-23 17:04:20,799 | MR=visibility param=0.775 orig=-1.63333261013031 trans=-1.6292611360549927 diff=0.004071474075317383 pass=True
2026-06-23 17:04:20,799 | MR=visibility param=1.1375 orig=-1.63333261013031 trans=-1.62807297706604 diff=0.0052596330642700195 pass=False
2026-06-23 17:04:20,799 | MR=visibility param=1.5 orig=-1.63333261013031 trans=-1.62807297706604 diff=0.0052596330642700195 pass=False
2026-06-23 17:04:20,816 | MR=darkness param=0.05 orig=-1.63333261013031 trans=-1.6357159614562988 diff=0.0023833513259887695 pass=True
2026-06-23 17:04:20,816 | MR=darkness param=0.4125 orig=-1.63333261013031 trans=-1.6348141431808472 diff=0.0014815330505371094 pass=True
2026-06-23 17:04:20,816 | MR=darkness param=0.775 orig=-1.63333261013031 trans=-1.6339083909988403 diff=0.0005757808685302734 pass=True
2026-06-23 17:04:20,816 | MR=darkness param=1.1375 orig=-1.63333261013031 trans=-1.6329855918884277 diff=0.0003470182418823242 pass=True
2026-06-23 17:04:20,816 | MR=darkness param=1.5 orig=-1.63333261013031 trans=-1.6320207118988037 diff=0.0013118982315063477 pass=True
2026-06-23 17:04:21,267 | MR=noise param=0.0 orig=-1.6327340602874756 trans=-1.6327340602874756 diff=0.0 pass=True
2026-06-23 17:04:21,269 | MR=noise param=37.5 orig=-1.6327340602874756 trans=-1.632793664932251 diff=5.9604644775390625e-05 pass=True
2026-06-23 17:04:21,271 | MR=noise param=75.0 orig=-1.6327340602874756 trans=-1.6328392028808594 diff=0.00010514259338378906 pass=True
2026-06-23 17:04:21,271 | MR=noise param=112.5 orig=-1.6327340602874756 trans=-1.6327091455459595 diff=2.491474151611328e-05 pass=True
2026-06-23 17:04:21,272 | MR=noise param=150.0 orig=-1.6327340602874756 trans=-1.6326264142990112 diff=0.00010764598846435547 pass=True
2026-06-23 17:04:21,304 | MR=translation param=0.0 orig=-1.6327340602874756 trans=-1.6327340602874756 diff=0.0 pass=True
2026-06-23 17:04:21,306 | MR=translation param=20.0 orig=-1.6327340602874756 trans=-1.63055419921875 diff=0.002179861068725586 pass=True
2026-06-23 17:04:21,308 | MR=translation param=40.0 orig=-1.6327340602874756 trans=-1.6283245086669922 diff=0.0044095516204833984 pass=True
2026-06-23 17:04:21,310 | MR=translation param=60.0 orig=-1.6327340602874756 trans=-1.6256251335144043 diff=0.007108926773071289 pass=True
2026-06-23 17:04:21,310 | MR=translation param=80.0 orig=-1.6327340602874756 trans=-1.626744270324707 diff=0.005989789962768555 pass=True
2026-06-23 17:04:21,553 | MR=rotation param=-60.0 orig=-1.6327340602874756 trans=-1.631165862083435 diff=0.0015681982040405273 pass=True
2026-06-23 17:04:21,553 | MR=rotation param=-30.0 orig=-1.6327340602874756 trans=-1.6349515914916992 diff=0.002217531204223633 pass=True
2026-06-23 17:04:21,553 | MR=rotation param=0.0 orig=-1.6327340602874756 trans=-1.6327340602874756 diff=0.0 pass=True
2026-06-23 17:04:21,553 | MR=rotation param=30.0 orig=-1.6327340602874756 trans=-1.6315139532089233 diff=0.001220107078552246 pass=True
2026-06-23 17:04:21,553 | MR=rotation param=60.0 orig=-1.6327340602874756 trans=-1.628943920135498 diff=0.003790140151977539 pass=True
2026-06-23 17:04:21,587 | MR=brightness param=0.1 orig=-1.6327340602874756 trans=-1.6355295181274414 diff=0.0027954578399658203 pass=True
2026-06-23 17:04:21,587 | MR=brightness param=0.825 orig=-1.6327340602874756 trans=-1.633288860321045 diff=0.0005548000335693359 pass=True
2026-06-23 17:04:21,588 | MR=brightness param=1.55 orig=-1.6327340602874756 trans=-1.6305803060531616 diff=0.002153754234313965 pass=True
2026-06-23 17:04:21,588 | MR=brightness param=2.275 orig=-1.6327340602874756 trans=-1.6301177740097046 diff=0.002616286277770996 pass=True
2026-06-23 17:04:21,588 | MR=brightness param=3.0 orig=-1.6327340602874756 trans=-1.6294214725494385 diff=0.0033125877380371094 pass=True
2026-06-23 17:04:21,611 | MR=blur param=1.0 orig=-1.6327340602874756 trans=-1.6327340602874756 diff=0.0 pass=True
2026-06-23 17:04:21,614 | MR=blur param=8.5 orig=-1.6327340602874756 trans=-1.6327120065689087 diff=2.205371856689453e-05 pass=True
2026-06-23 17:04:21,615 | MR=blur param=16.0 orig=-1.6327340602874756 trans=-1.6328034400939941 diff=6.937980651855469e-05 pass=True
2026-06-23 17:04:21,615 | MR=blur param=23.5 orig=-1.6327340602874756 trans=-1.6328868865966797 diff=0.00015282630920410156 pass=True
2026-06-23 17:04:21,616 | MR=rain param=0.0 orig=-1.6327340602874756 trans=-1.6339727640151978 diff=0.001238703727722168 pass=True
2026-06-23 17:04:21,618 | MR=rain param=0.375 orig=-1.6327340602874756 trans=-1.6337569952011108 diff=0.001022934913635254 pass=True
2026-06-23 17:04:21,618 | MR=rain param=0.75 orig=-1.6327340602874756 trans=-1.6336506605148315 diff=0.000916600227355957 pass=True
2026-06-23 17:04:21,618 | MR=rain param=1.125 orig=-1.6327340602874756 trans=-1.6333625316619873 diff=0.0006284713745117188 pass=True
2026-06-23 17:04:21,618 | MR=rain param=1.5 orig=-1.6327340602874756 trans=-1.6343283653259277 diff=0.0015943050384521484 pass=True
2026-06-23 17:04:21,616 | MR=blur param=31.0 orig=-1.6327340602874756 trans=-1.6329939365386963 diff=0.0002598762512207031 pass=True
2026-06-23 17:04:21,626 | MR=contrast param=0.1 orig=-1.6327340602874756 trans=-1.6355295181274414 diff=0.0027954578399658203 pass=True
2026-06-23 17:04:21,627 | MR=contrast param=1.075 orig=-1.6327340602874756 trans=-1.6325089931488037 diff=0.000225067138671875 pass=True
2026-06-23 17:04:21,627 | MR=contrast param=2.05 orig=-1.6327340602874756 trans=-1.6299707889556885 diff=0.0027632713317871094 pass=True
2026-06-23 17:04:21,627 | MR=contrast param=3.025 orig=-1.6327340602874756 trans=-1.6293976306915283 diff=0.0033364295959472656 pass=True
2026-06-23 17:04:21,627 | MR=contrast param=4.0 orig=-1.6327340602874756 trans=-1.628458023071289 diff=0.0042760372161865234 pass=True
2026-06-23 17:04:21,640 | MR=snow param=0.0 orig=-1.6327340602874756 trans=-1.633673071861267 diff=0.0009390115737915039 pass=True
2026-06-23 17:04:21,640 | MR=snow param=0.375 orig=-1.6327340602874756 trans=-1.6329481601715088 diff=0.00021409988403320312 pass=True
2026-06-23 17:04:21,640 | MR=snow param=0.75 orig=-1.6327340602874756 trans=-1.6321942806243896 diff=0.0005397796630859375 pass=True
2026-06-23 17:04:21,640 | MR=snow param=1.125 orig=-1.6327340602874756 trans=-1.6309621334075928 diff=0.0017719268798828125 pass=True
2026-06-23 17:04:21,640 | MR=snow param=1.5 orig=-1.6327340602874756 trans=-1.630408525466919 diff=0.0023255348205566406 pass=True
2026-06-23 17:04:21,755 | MR=fog param=0.0 orig=-1.6327340602874756 trans=-1.6327927112579346 diff=5.8650970458984375e-05 pass=True
2026-06-23 17:04:21,755 | MR=fog param=0.375 orig=-1.6327340602874756 trans=-1.629617691040039 diff=0.0031163692474365234 pass=True
2026-06-23 17:04:21,758 | MR=fog param=0.75 orig=-1.6327340602874756 trans=-1.62807297706604 diff=0.004661083221435547 pass=True
2026-06-23 17:04:21,758 | MR=fog param=1.125 orig=-1.6327340602874756 trans=-1.62807297706604 diff=0.004661083221435547 pass=True
2026-06-23 17:04:21,759 | MR=fog param=1.5 orig=-1.6327340602874756 trans=-1.62807297706604 diff=0.004661083221435547 pass=True
2026-06-23 17:04:21,804 | MR=visibility param=0.05 orig=-1.6327340602874756 trans=-1.6325017213821411 diff=0.00023233890533447266 pass=True
2026-06-23 17:04:21,804 | MR=visibility param=0.4125 orig=-1.6327340602874756 trans=-1.6308125257492065 diff=0.001921534538269043 pass=True
2026-06-23 17:04:21,804 | MR=visibility param=0.775 orig=-1.6327340602874756 trans=-1.6291217803955078 diff=0.0036122798919677734 pass=True
2026-06-23 17:04:21,805 | MR=visibility param=1.1375 orig=-1.6327340602874756 trans=-1.62807297706604 diff=0.004661083221435547 pass=True
2026-06-23 17:04:21,805 | MR=visibility param=1.5 orig=-1.6327340602874756 trans=-1.62807297706604 diff=0.004661083221435547 pass=True
2026-06-23 17:04:21,812 | MR=darkness param=0.05 orig=-1.6327340602874756 trans=-1.635688066482544 diff=0.0029540061950683594 pass=True
2026-06-23 17:04:21,812 | MR=darkness param=0.4125 orig=-1.6327340602874756 trans=-1.6345643997192383 diff=0.0018303394317626953 pass=True
2026-06-23 17:04:21,812 | MR=darkness param=0.775 orig=-1.6327340602874756 trans=-1.6334424018859863 diff=0.0007083415985107422 pass=True
2026-06-23 17:04:21,812 | MR=darkness param=1.1375 orig=-1.6327340602874756 trans=-1.6322749853134155 diff=0.0004590749740600586 pass=True
2026-06-23 17:04:21,812 | MR=darkness param=1.5 orig=-1.6327340602874756 trans=-1.630745530128479 diff=0.001988530158996582 pass=True
2026-06-23 17:04:22,278 | MR=noise param=0.0 orig=-1.6377265453338623 trans=-1.6377259492874146 diff=5.960464477539062e-07 pass=True
2026-06-23 17:04:22,279 | MR=noise param=37.5 orig=-1.6377265453338623 trans=-1.6375327110290527 diff=0.0001938343048095703 pass=True
2026-06-23 17:04:22,280 | MR=noise param=75.0 orig=-1.6377265453338623 trans=-1.6372299194335938 diff=0.0004966259002685547 pass=True
2026-06-23 17:04:22,280 | MR=noise param=112.5 orig=-1.6377265453338623 trans=-1.6370849609375 diff=0.0006415843963623047 pass=True
2026-06-23 17:04:22,280 | MR=noise param=150.0 orig=-1.6377265453338623 trans=-1.6364424228668213 diff=0.0012841224670410156 pass=True
2026-06-23 17:04:22,329 | MR=translation param=0.0 orig=-1.6377265453338623 trans=-1.6377259492874146 diff=5.960464477539062e-07 pass=True
2026-06-23 17:04:22,331 | MR=translation param=20.0 orig=-1.6377265453338623 trans=-1.6383142471313477 diff=0.0005877017974853516 pass=True
2026-06-23 17:04:22,331 | MR=translation param=40.0 orig=-1.6377265453338623 trans=-1.6348294019699097 diff=0.0028971433639526367 pass=True
2026-06-23 17:04:22,331 | MR=translation param=60.0 orig=-1.6377265453338623 trans=-1.628309726715088 diff=0.009416818618774414 pass=False
2026-06-23 17:04:22,331 | MR=translation param=80.0 orig=-1.6377265453338623 trans=-1.6270992755889893 diff=0.010627269744873047 pass=False
2026-06-23 17:04:22,392 | MR=brightness param=0.1 orig=-1.6377265453338623 trans=-1.6360304355621338 diff=0.0016961097717285156 pass=True
2026-06-23 17:04:22,393 | MR=brightness param=0.825 orig=-1.6377265453338623 trans=-1.6374082565307617 diff=0.00031828880310058594 pass=True
2026-06-23 17:04:22,394 | MR=brightness param=1.55 orig=-1.6377265453338623 trans=-1.6362061500549316 diff=0.001520395278930664 pass=True
2026-06-23 17:04:22,394 | MR=brightness param=2.275 orig=-1.6377265453338623 trans=-1.6331628561019897 diff=0.004563689231872559 pass=True
2026-06-23 17:04:22,395 | MR=brightness param=3.0 orig=-1.6377265453338623 trans=-1.6324543952941895 diff=0.0052721500396728516 pass=True
2026-06-23 17:04:22,420 | MR=blur param=1.0 orig=-1.6377265453338623 trans=-1.6377259492874146 diff=5.960464477539062e-07 pass=True
2026-06-23 17:04:22,426 | MR=blur param=8.5 orig=-1.6377265453338623 trans=-1.6377733945846558 diff=4.684925079345703e-05 pass=True
2026-06-23 17:04:22,428 | MR=blur param=16.0 orig=-1.6377265453338623 trans=-1.6378644704818726 diff=0.0001379251480102539 pass=True
2026-06-23 17:04:22,428 | MR=blur param=23.5 orig=-1.6377265453338623 trans=-1.6379531621932983 diff=0.00022661685943603516 pass=True
2026-06-23 17:04:22,428 | MR=blur param=31.0 orig=-1.6377265453338623 trans=-1.6380558013916016 diff=0.0003292560577392578 pass=True
2026-06-23 17:04:22,457 | MR=rotation param=-60.0 orig=-1.6377265453338623 trans=-1.6307913064956665 diff=0.006935238838195801 pass=True
2026-06-23 17:04:22,458 | MR=rotation param=-30.0 orig=-1.6377265453338623 trans=-1.6341536045074463 diff=0.0035729408264160156 pass=True
2026-06-23 17:04:22,458 | MR=rotation param=0.0 orig=-1.6377265453338623 trans=-1.6377259492874146 diff=5.960464477539062e-07 pass=True
2026-06-23 17:04:22,458 | MR=rotation param=30.0 orig=-1.6377265453338623 trans=-1.6330723762512207 diff=0.0046541690826416016 pass=True
2026-06-23 17:04:22,460 | MR=rotation param=60.0 orig=-1.6377265453338623 trans=-1.629738211631775 diff=0.007988333702087402 pass=False
2026-06-23 17:04:22,464 | MR=rain param=0.0 orig=-1.6377265453338623 trans=-1.6369683742523193 diff=0.0007581710815429688 pass=True
2026-06-23 17:04:22,464 | MR=rain param=0.375 orig=-1.6377265453338623 trans=-1.6370573043823242 diff=0.0006692409515380859 pass=True
2026-06-23 17:04:22,464 | MR=rain param=0.75 orig=-1.6377265453338623 trans=-1.6363890171051025 diff=0.0013375282287597656 pass=True
2026-06-23 17:04:22,464 | MR=rain param=1.125 orig=-1.6377265453338623 trans=-1.6356227397918701 diff=0.0021038055419921875 pass=True
2026-06-23 17:04:22,464 | MR=rain param=1.5 orig=-1.6377265453338623 trans=-1.6330496072769165 diff=0.004676938056945801 pass=True
2026-06-23 17:04:22,477 | MR=contrast param=0.1 orig=-1.6377265453338623 trans=-1.6360304355621338 diff=0.0016961097717285156 pass=True
2026-06-23 17:04:22,477 | MR=contrast param=1.075 orig=-1.6377265453338623 trans=-1.6378943920135498 diff=0.0001678466796875 pass=True
2026-06-23 17:04:22,477 | MR=contrast param=2.05 orig=-1.6377265453338623 trans=-1.6337754726409912 diff=0.003951072692871094 pass=True
2026-06-23 17:04:22,477 | MR=contrast param=3.025 orig=-1.6377265453338623 trans=-1.632440447807312 diff=0.005286097526550293 pass=True
2026-06-23 17:04:22,477 | MR=contrast param=4.0 orig=-1.6377265453338623 trans=-1.6314831972122192 diff=0.006243348121643066 pass=True
2026-06-23 17:04:22,494 | MR=snow param=0.0 orig=-1.6377265453338623 trans=-1.6371710300445557 diff=0.0005555152893066406 pass=True
2026-06-23 17:04:22,494 | MR=snow param=0.375 orig=-1.6377265453338623 trans=-1.6375465393066406 diff=0.0001800060272216797 pass=True
2026-06-23 17:04:22,494 | MR=snow param=0.75 orig=-1.6377265453338623 trans=-1.6376240253448486 diff=0.00010251998901367188 pass=True
2026-06-23 17:04:22,494 | MR=snow param=1.125 orig=-1.6377265453338623 trans=-1.6363904476165771 diff=0.0013360977172851562 pass=True
2026-06-23 17:04:22,494 | MR=snow param=1.5 orig=-1.6377265453338623 trans=-1.635740041732788 diff=0.0019865036010742188 pass=True
2026-06-23 17:04:22,595 | MR=fog param=0.0 orig=-1.6377265453338623 trans=-1.6378533840179443 diff=0.00012683868408203125 pass=True
2026-06-23 17:04:22,599 | MR=fog param=0.375 orig=-1.6377265453338623 trans=-1.6312639713287354 diff=0.006462574005126953 pass=True
2026-06-23 17:04:22,599 | MR=fog param=0.75 orig=-1.6377265453338623 trans=-1.62807297706604 diff=0.009653568267822266 pass=True
2026-06-23 17:04:22,599 | MR=fog param=1.125 orig=-1.6377265453338623 trans=-1.62807297706604 diff=0.009653568267822266 pass=True
2026-06-23 17:04:22,602 | MR=fog param=1.5 orig=-1.6377265453338623 trans=-1.62807297706604 diff=0.009653568267822266 pass=True
2026-06-23 17:04:22,633 | MR=visibility param=0.05 orig=-1.6377265453338623 trans=-1.6372426748275757 diff=0.0004838705062866211 pass=True
2026-06-23 17:04:22,633 | MR=visibility param=0.4125 orig=-1.6377265453338623 trans=-1.6337474584579468 diff=0.003979086875915527 pass=True
2026-06-23 17:04:22,634 | MR=visibility param=0.775 orig=-1.6377265453338623 trans=-1.630246639251709 diff=0.00747990608215332 pass=False
2026-06-23 17:04:22,634 | MR=visibility param=1.1375 orig=-1.6377265453338623 trans=-1.62807297706604 diff=0.009653568267822266 pass=False
2026-06-23 17:04:22,634 | MR=visibility param=1.5 orig=-1.6377265453338623 trans=-1.62807297706604 diff=0.009653568267822266 pass=False
2026-06-23 17:04:22,649 | MR=darkness param=0.05 orig=-1.6377265453338623 trans=-1.635940432548523 diff=0.0017861127853393555 pass=True
2026-06-23 17:04:22,649 | MR=darkness param=0.4125 orig=-1.6377265453338623 trans=-1.6366260051727295 diff=0.0011005401611328125 pass=True
2026-06-23 17:04:22,649 | MR=darkness param=0.775 orig=-1.6377265453338623 trans=-1.637316346168518 diff=0.0004101991653442383 pass=True
2026-06-23 17:04:22,649 | MR=darkness param=1.1375 orig=-1.6377265453338623 trans=-1.637865424156189 diff=0.00013887882232666016 pass=True
2026-06-23 17:04:22,649 | MR=darkness param=1.5 orig=-1.6377265453338623 trans=-1.6364314556121826 diff=0.0012950897216796875 pass=True
